Archive member included to satisfy reference by file (symbol)

.build/obj_crkbd_rev1_genichiro/quantum/split_common/transport.a(transport.o)
                              .build/obj_crkbd_rev1_genichiro/quantum/split_common/split_util.o (symbol from plugin) (transport_master_init)
.build/obj_crkbd_rev1_genichiro/serial.a(serial.o)
                              .build/obj_crkbd_rev1_genichiro/quantum/split_common/transport.a(transport.o) (soft_serial_initiator_init)
/usr/lib/gcc/avr/5.4.0/avr5/libgcc.a(_exit.o)
                              /usr/lib/gcc/avr/5.4.0/../../../avr/lib/avr5/crtatmega32u4.o (exit)
/usr/lib/gcc/avr/5.4.0/avr5/libgcc.a(_copy_data.o)
                              .build/obj_crkbd_rev1_genichiro/quantum/split_common/transport.a(transport.o) (__do_copy_data)
/usr/lib/gcc/avr/5.4.0/avr5/libgcc.a(_clear_bss.o)
                              .build/obj_crkbd_rev1_genichiro/quantum/split_common/transport.a(transport.o) (__do_clear_bss)
/usr/lib/gcc/avr/5.4.0/../../../avr/lib/avr5/libc.a(rand.o)
                              .build/obj_crkbd_rev1_genichiro/quantum/rgblight.o (symbol from plugin) (rand)
/usr/lib/gcc/avr/5.4.0/../../../avr/lib/avr5/libatmega32u4.a(eerd_byte.o)
                              .build/obj_crkbd_rev1_genichiro/common/eeconfig.o (symbol from plugin) (eeprom_read_byte)
/usr/lib/gcc/avr/5.4.0/../../../avr/lib/avr5/libatmega32u4.a(eerd_dword.o)
                              .build/obj_crkbd_rev1_genichiro/quantum/rgblight.o (symbol from plugin) (eeprom_read_dword)
/usr/lib/gcc/avr/5.4.0/../../../avr/lib/avr5/libatmega32u4.a(eerd_word.o)
                              .build/obj_crkbd_rev1_genichiro/common/eeconfig.o (symbol from plugin) (eeprom_read_word)
/usr/lib/gcc/avr/5.4.0/../../../avr/lib/avr5/libatmega32u4.a(eeupd_byte.o)
                              .build/obj_crkbd_rev1_genichiro/common/eeconfig.o (symbol from plugin) (eeprom_update_byte)
/usr/lib/gcc/avr/5.4.0/../../../avr/lib/avr5/libatmega32u4.a(eeupd_dword.o)
                              .build/obj_crkbd_rev1_genichiro/quantum/rgblight.o (symbol from plugin) (eeprom_update_dword)
/usr/lib/gcc/avr/5.4.0/../../../avr/lib/avr5/libatmega32u4.a(eeupd_word.o)
                              .build/obj_crkbd_rev1_genichiro/common/eeconfig.o (symbol from plugin) (eeprom_update_word)
/usr/lib/gcc/avr/5.4.0/../../../avr/lib/avr5/libatmega32u4.a(eerd_block.o)
                              /usr/lib/gcc/avr/5.4.0/../../../avr/lib/avr5/libatmega32u4.a(eerd_dword.o) (eeprom_read_blraw)
/usr/lib/gcc/avr/5.4.0/avr5/libgcc.a(_divmodsi4.o)
                              /usr/lib/gcc/avr/5.4.0/../../../avr/lib/avr5/libc.a(rand.o) (__divmodsi4)
/usr/lib/gcc/avr/5.4.0/avr5/libgcc.a(_negsi2.o)
                              /usr/lib/gcc/avr/5.4.0/avr5/libgcc.a(_divmodsi4.o) (__negsi2)
/usr/lib/gcc/avr/5.4.0/avr5/libgcc.a(_muluhisi3.o)
                              /usr/lib/gcc/avr/5.4.0/../../../avr/lib/avr5/libc.a(rand.o) (__muluhisi3)
/usr/lib/gcc/avr/5.4.0/avr5/libgcc.a(_mulshisi3.o)
                              /usr/lib/gcc/avr/5.4.0/../../../avr/lib/avr5/libc.a(rand.o) (__mulohisi3)
/usr/lib/gcc/avr/5.4.0/avr5/libgcc.a(_udivmodsi4.o)
                              /usr/lib/gcc/avr/5.4.0/avr5/libgcc.a(_divmodsi4.o) (__udivmodsi4)
/usr/lib/gcc/avr/5.4.0/avr5/libgcc.a(_umulhisi3.o)
                              /usr/lib/gcc/avr/5.4.0/avr5/libgcc.a(_muluhisi3.o) (__umulhisi3)
/usr/lib/gcc/avr/5.4.0/avr5/libgcc.a(_udivmodqi4.o)
                              /tmp/ccG7jcfl.ltrans2.ltrans.o (__udivmodqi4)
/usr/lib/gcc/avr/5.4.0/avr5/libgcc.a(_divmodqi4.o)
                              /tmp/ccG7jcfl.ltrans4.ltrans.o (__divmodqi4)
/usr/lib/gcc/avr/5.4.0/avr5/libgcc.a(_udivmodhi4.o)
                              /tmp/ccG7jcfl.ltrans0.ltrans.o (__udivmodhi4)
/usr/lib/gcc/avr/5.4.0/avr5/libgcc.a(_divmodhi4.o)
                              /tmp/ccG7jcfl.ltrans0.ltrans.o (__divmodhi4)
/usr/lib/gcc/avr/5.4.0/avr5/libgcc.a(_tablejump2.o)
                              /tmp/ccG7jcfl.ltrans1.ltrans.o (__tablejump2__)
/usr/lib/gcc/avr/5.4.0/avr5/libgcc.a(_mulhisi3.o)
                              /tmp/ccG7jcfl.ltrans4.ltrans.o (__mulhisi3)
/usr/lib/gcc/avr/5.4.0/avr5/libgcc.a(_usmulhisi3.o)
                              /usr/lib/gcc/avr/5.4.0/avr5/libgcc.a(_mulhisi3.o) (__usmulhisi3_tail)
/usr/lib/gcc/avr/5.4.0/../../../avr/lib/avr5/libc.a(memchr.o)
                              /tmp/ccG7jcfl.ltrans0.ltrans.o (memchr)

Allocating common symbols
Common symbol       size              file

USB_IsInitialized   0x1               .build/obj_crkbd_rev1_genichiro/lib/lufa/LUFA/Drivers/USB/Core/USBTask.o (symbol from plugin)
USB_Device_ConfigurationNumber
                    0x1               .build/obj_crkbd_rev1_genichiro/lib/lufa/LUFA/Drivers/USB/Core/DeviceStandardReq.o (symbol from plugin)
USB_Device_CurrentlySelfPowered
[...]
Memory Configuration

Name             Origin             Length             Attributes
text             0x0000000000000000 0x0000000000020000 xr
data             0x0000000000800060 0x000000000000ffa0 rw !x
eeprom           0x0000000000810000 0x0000000000010000 rw !x
fuse             0x0000000000820000 0x0000000000000003 rw !x
lock             0x0000000000830000 0x0000000000000400 rw !x
signature        0x0000000000840000 0x0000000000000400 rw !x
user_signatures  0x0000000000850000 0x0000000000000400 rw !x
*default*        0x0000000000000000 0xffffffffffffffff

Linker script and memory map

Address of section .data set to 0x800100
LOAD /usr/lib/gcc/avr/5.4.0/../../../avr/lib/avr5/crtatmega32u4.o
LOAD .build/obj_crkbd_rev1_genichiro/keyboards/crkbd/crkbd.o
LOAD /tmp/ccG7jcfl.ltrans0.ltrans.o
LOAD /tmp/ccG7jcfl.ltrans1.ltrans.o
LOAD /tmp/ccG7jcfl.ltrans2.ltrans.o
LOAD /tmp/ccG7jcfl.ltrans3.ltrans.o
LOAD /tmp/ccG7jcfl.ltrans4.ltrans.o
LOAD /tmp/ccG7jcfl.ltrans5.ltrans.o
LOAD /tmp/ccG7jcfl.ltrans6.ltrans.o
LOAD .build/obj_crkbd_rev1_genichiro/keyboards/crkbd/rev1/rev1.o
LOAD .build/obj_crkbd_rev1_genichiro/keyboards/crkbd/keymaps/genichiro/keymap.o
LOAD .build/obj_crkbd_rev1_genichiro/quantum/quantum.o
LOAD .build/obj_crkbd_rev1_genichiro/quantum/send_string.o
LOAD .build/obj_crkbd_rev1_genichiro/quantum/bitwise.o
LOAD .build/obj_crkbd_rev1_genichiro/quantum/led.o
LOAD .build/obj_crkbd_rev1_genichiro/quantum/keymap_common.o
LOAD .build/obj_crkbd_rev1_genichiro/quantum/keycode_config.o
LOAD .build/obj_crkbd_rev1_genichiro/quantum/bootmagic/bootmagic_lite.o
LOAD .build/obj_crkbd_rev1_genichiro/quantum/bootmagic/magic.o
LOAD .build/obj_crkbd_rev1_genichiro/quantum/matrix_common.o
LOAD .build/obj_crkbd_rev1_genichiro/quantum/split_common/matrix.o
LOAD .build/obj_crkbd_rev1_genichiro/quantum/debounce/sym_defer_g.o
LOAD .build/obj_crkbd_rev1_genichiro/quantum/split_common/split_util.o
LOAD .build/obj_crkbd_rev1_genichiro/quantum/mousekey.o
LOAD .build/obj_crkbd_rev1_genichiro/quantum/color.o
LOAD .build/obj_crkbd_rev1_genichiro/quantum/rgblight.o
LOAD .build/obj_crkbd_rev1_genichiro/quantum/process_keycode/process_rgb.o
LOAD .build/obj_crkbd_rev1_genichiro/ws2812.o
LOAD .build/obj_crkbd_rev1_genichiro/quantum/led_tables.o
LOAD .build/obj_crkbd_rev1_genichiro/quantum/process_keycode/process_space_cadet.o
LOAD .build/obj_crkbd_rev1_genichiro/quantum/process_keycode/process_magic.o
LOAD .build/obj_crkbd_rev1_genichiro/quantum/process_keycode/process_grave_esc.o
LOAD .build/obj_crkbd_rev1_genichiro/quantum/split_common/transport.a
LOAD .build/obj_crkbd_rev1_genichiro/i2c_master.a
LOAD .build/obj_crkbd_rev1_genichiro/i2c_slave.a
LOAD .build/obj_crkbd_rev1_genichiro/serial.a
LOAD .build/obj_crkbd_rev1_genichiro/common/host.o
LOAD .build/obj_crkbd_rev1_genichiro/common/keyboard.o
LOAD .build/obj_crkbd_rev1_genichiro/common/action.o
LOAD .build/obj_crkbd_rev1_genichiro/common/action_tapping.o
LOAD .build/obj_crkbd_rev1_genichiro/common/action_macro.o
LOAD .build/obj_crkbd_rev1_genichiro/common/action_layer.o
LOAD .build/obj_crkbd_rev1_genichiro/common/action_util.o
LOAD .build/obj_crkbd_rev1_genichiro/common/debug.o
LOAD .build/obj_crkbd_rev1_genichiro/common/sendchar_null.o
LOAD .build/obj_crkbd_rev1_genichiro/common/eeconfig.o
LOAD .build/obj_crkbd_rev1_genichiro/common/report.o
LOAD .build/obj_crkbd_rev1_genichiro/common/usb_util.o
LOAD .build/obj_crkbd_rev1_genichiro/common/avr/suspend.o
LOAD .build/obj_crkbd_rev1_genichiro/common/avr/timer.o
LOAD .build/obj_crkbd_rev1_genichiro/common/sync_timer.o
LOAD .build/obj_crkbd_rev1_genichiro/common/avr/bootloader.o
LOAD .build/obj_crkbd_rev1_genichiro/common/avr/xprintf.o
LOAD .build/obj_crkbd_rev1_genichiro/common/avr/printf.o
LOAD .build/obj_crkbd_rev1_genichiro/lufa.o
LOAD .build/obj_crkbd_rev1_genichiro/usb_descriptor.o
LOAD .build/obj_crkbd_rev1_genichiro/lib/lufa/LUFA/Drivers/USB/Class/Common/HIDParser.o
LOAD .build/obj_crkbd_rev1_genichiro/lib/lufa/LUFA/Drivers/USB/Core/AVR8/Device_AVR8.o
LOAD .build/obj_crkbd_rev1_genichiro/lib/lufa/LUFA/Drivers/USB/Core/AVR8/EndpointStream_AVR8.o
LOAD .build/obj_crkbd_rev1_genichiro/lib/lufa/LUFA/Drivers/USB/Core/AVR8/Endpoint_AVR8.o
LOAD .build/obj_crkbd_rev1_genichiro/lib/lufa/LUFA/Drivers/USB/Core/AVR8/Host_AVR8.o
LOAD .build/obj_crkbd_rev1_genichiro/lib/lufa/LUFA/Drivers/USB/Core/AVR8/PipeStream_AVR8.o
LOAD .build/obj_crkbd_rev1_genichiro/lib/lufa/LUFA/Drivers/USB/Core/AVR8/Pipe_AVR8.o
LOAD .build/obj_crkbd_rev1_genichiro/lib/lufa/LUFA/Drivers/USB/Core/AVR8/USBController_AVR8.o
LOAD .build/obj_crkbd_rev1_genichiro/lib/lufa/LUFA/Drivers/USB/Core/AVR8/USBInterrupt_AVR8.o
LOAD .build/obj_crkbd_rev1_genichiro/lib/lufa/LUFA/Drivers/USB/Core/ConfigDescriptors.o
LOAD .build/obj_crkbd_rev1_genichiro/lib/lufa/LUFA/Drivers/USB/Core/DeviceStandardReq.o
LOAD .build/obj_crkbd_rev1_genichiro/lib/lufa/LUFA/Drivers/USB/Core/Events.o
LOAD .build/obj_crkbd_rev1_genichiro/lib/lufa/LUFA/Drivers/USB/Core/HostStandardReq.o
LOAD .build/obj_crkbd_rev1_genichiro/lib/lufa/LUFA/Drivers/USB/Core/USBTask.o
LOAD .build/obj_crkbd_rev1_genichiro/protocol/lufa/usb_util.o
LOAD /usr/lib/gcc/avr/5.4.0/../../../avr/lib/avr5/libm.a
START GROUP
LOAD /usr/lib/gcc/avr/5.4.0/avr5/libgcc.a
LOAD /usr/lib/gcc/avr/5.4.0/../../../avr/lib/avr5/libm.a
LOAD /usr/lib/gcc/avr/5.4.0/../../../avr/lib/avr5/libc.a
LOAD /usr/lib/gcc/avr/5.4.0/../../../avr/lib/avr5/libatmega32u4.a
END GROUP
                0x0000000000020000                __TEXT_REGION_LENGTH__ = DEFINED (__TEXT_REGION_LENGTH__)?__TEXT_REGION_LENGTH__:0x20000
                0x000000000000ffa0                __DATA_REGION_LENGTH__ = DEFINED (__DATA_REGION_LENGTH__)?__DATA_REGION_LENGTH__:0xffa0
                0x0000000000010000                __EEPROM_REGION_LENGTH__ = DEFINED (__EEPROM_REGION_LENGTH__)?__EEPROM_REGION_LENGTH__:0x10000
                [0x0000000000000003]                __FUSE_REGION_LENGTH__ = DEFINED (__FUSE_REGION_LENGTH__)?__FUSE_REGION_LENGTH__:0x400
                0x0000000000000400                __LOCK_REGION_LENGTH__ = DEFINED (__LOCK_REGION_LENGTH__)?__LOCK_REGION_LENGTH__:0x400
                0x0000000000000400                __SIGNATURE_REGION_LENGTH__ = DEFINED (__SIGNATURE_REGION_LENGTH__)?__SIGNATURE_REGION_LENGTH__:0x400
                0x0000000000000400                __USER_SIGNATURE_REGION_LENGTH__ = DEFINED (__USER_SIGNATURE_REGION_LENGTH__)?__USER_SIGNATURE_REGION_LENGTH__:0x400

.hash
 *(.hash)

.dynsym
 *(.dynsym)

.dynstr
 *(.dynstr)

.gnu.version
 *(.gnu.version)

.gnu.version_d
 *(.gnu.version_d)

.gnu.version_r
 *(.gnu.version_r)

.rel.init
 *(.rel.init)

.rela.init
 *(.rela.init)

.rel.text
 *(.rel.text)
 *(.rel.text.*)
 *(.rel.gnu.linkonce.t*)

.rela.text
 *(.rela.text)
 *(.rela.text.*)
 *(.rela.gnu.linkonce.t*)

.rel.fini
 *(.rel.fini)

.rela.fini
 *(.rela.fini)

.rel.rodata
 *(.rel.rodata)
 *(.rel.rodata.*)
 *(.rel.gnu.linkonce.r*)

.rela.rodata
 *(.rela.rodata)
 *(.rela.rodata.*)
 *(.rela.gnu.linkonce.r*)

.rel.data
 *(.rel.data)
 *(.rel.data.*)
 *(.rel.gnu.linkonce.d*)

.rela.data
 *(.rela.data)
 *(.rela.data.*)
 *(.rela.gnu.linkonce.d*)

.rel.ctors
 *(.rel.ctors)

.rela.ctors
 *(.rela.ctors)

.rel.dtors
 *(.rel.dtors)

.rela.dtors
 *(.rela.dtors)

.rel.got
 *(.rel.got)

.rela.got
 *(.rela.got)

.rel.bss
 *(.rel.bss)

.rela.bss
 *(.rela.bss)

.rel.plt
 *(.rel.plt)

.rela.plt
 *(.rela.plt)

.text           0x0000000000000000     0x533c
 *(.vectors)
 .vectors       0x0000000000000000       0xac /usr/lib/gcc/avr/5.4.0/../../../avr/lib/avr5/crtatmega32u4.o
                0x0000000000000000                __vectors
                0x0000000000000000                __vector_default
 *(.vectors)
 *(.progmem.gcc*)
 .progmem.gcc_sw_table.process_record
                0x00000000000000ac       0x18 /tmp/ccG7jcfl.ltrans1.ltrans.o
 .progmem.gcc_sw_table.USB_Device_ProcessControlRequest
                0x00000000000000c4       0x14 /tmp/ccG7jcfl.ltrans3.ltrans.o
 .progmem.gcc_sw_table.is_tap_key
                0x00000000000000d8       0x1c /tmp/ccG7jcfl.ltrans5.ltrans.o
                0x00000000000000f4                . = ALIGN (0x2)
                0x00000000000000f4                __trampolines_start = .
 *(.trampolines)
 .trampolines   0x00000000000000f4        0x0 linker stubs
 *(.trampolines*)
                0x00000000000000f4                __trampolines_end = .
 *libprintf_flt.a:*(.progmem.data)
 *libc.a:*(.progmem.data)
 *(.progmem*)
 .progmem.data.CIE1931_CURVE
                0x00000000000000f4      0x100 /tmp/ccG7jcfl.ltrans0.ltrans.o
 .progmem.data.RGBLED_GRADIENT_RANGES
                0x00000000000001f4        0x5 /tmp/ccG7jcfl.ltrans0.ltrans.o
 .progmem.data.keymaps
                0x00000000000001f9      0x180 /tmp/ccG7jcfl.ltrans1.ltrans.o
                0x00000000000001f9                keymaps
 .progmem.data.RGBLED_TWINKLE_INTERVALS
                0x0000000000000379        0x3 /tmp/ccG7jcfl.ltrans2.ltrans.o
 .progmem.data.RGBLED_RGBTEST_INTERVALS
                0x000000000000037c        0x2 /tmp/ccG7jcfl.ltrans2.ltrans.o
 .progmem.data.RGBLED_KNIGHT_INTERVALS
                0x000000000000037e        0x3 /tmp/ccG7jcfl.ltrans2.ltrans.o
 .progmem.data.RGBLED_SNAKE_INTERVALS
                0x0000000000000381        0x3 /tmp/ccG7jcfl.ltrans2.ltrans.o
 .progmem.data.RGBLED_RAINBOW_SWIRL_INTERVALS
                0x0000000000000384        0x3 /tmp/ccG7jcfl.ltrans2.ltrans.o
 .progmem.data.RGBLED_RAINBOW_MOOD_INTERVALS
                0x0000000000000387        0x3 /tmp/ccG7jcfl.ltrans2.ltrans.o
 .progmem.data.RGBLED_BREATHING_INTERVALS
                0x000000000000038a        0x4 /tmp/ccG7jcfl.ltrans2.ltrans.o
 .progmem.data.SharedReport
                0x000000000000038e       0xb6 /tmp/ccG7jcfl.ltrans3.ltrans.o
 .progmem.data.KeyboardReport
                0x0000000000000444       0x40 /tmp/ccG7jcfl.ltrans3.ltrans.o
 .progmem.data.ConfigurationDescriptor
                0x0000000000000484       0x3b /tmp/ccG7jcfl.ltrans3.ltrans.o
 .progmem.data.DeviceDescriptor
                0x00000000000004bf       0x12 /tmp/ccG7jcfl.ltrans3.ltrans.o
 .progmem.data.ProductString
                0x00000000000004d1        0xe /tmp/ccG7jcfl.ltrans3.ltrans.o
 .progmem.data.ManufacturerString
                0x00000000000004df       0x12 /tmp/ccG7jcfl.ltrans3.ltrans.o
 .progmem.data.LanguageString
                0x00000000000004f1        0x4 /tmp/ccG7jcfl.ltrans3.ltrans.o
 .progmem.data.rgblight_effect_breathe_table
                0x00000000000004f5      0x100 /tmp/ccG7jcfl.ltrans4.ltrans.o
                0x00000000000005f6                . = ALIGN (0x2)
 *fill*         0x00000000000005f5        0x1 
 *(.jumptables)
 *(.jumptables*)
 *(.lowtext)
 *(.lowtext*)
                0x00000000000005f6                __ctors_start = .
 *(.ctors)
                0x00000000000005f6                __ctors_end = .
                0x00000000000005f6                __dtors_start = .
 *(.dtors)
                0x00000000000005f6                __dtors_end = .
 SORT(*)(.ctors)
 SORT(*)(.dtors)
 *(.init0)
 .init0         0x00000000000005f6        0x0 /usr/lib/gcc/avr/5.4.0/../../../avr/lib/avr5/crtatmega32u4.o
                0x00000000000005f6                __init
 *(.init0)
 *(.init1)
 *(.init1)
 *(.init2)
 .init2         0x00000000000005f6        0xc /usr/lib/gcc/avr/5.4.0/../../../avr/lib/avr5/crtatmega32u4.o
 *(.init2)
 *(.init3)
 .init3         0x0000000000000602       0x54 /tmp/ccG7jcfl.ltrans2.ltrans.o
                0x0000000000000602                bootloader_jump_after_watchdog_reset
 *(.init3)
 *(.init4)
 .init4         0x0000000000000656       0x16 /usr/lib/gcc/avr/5.4.0/avr5/libgcc.a(_copy_data.o)
                0x0000000000000656                __do_copy_data
 .init4         0x000000000000066c       0x10 /usr/lib/gcc/avr/5.4.0/avr5/libgcc.a(_clear_bss.o)
                0x000000000000066c                __do_clear_bss
 *(.init4)
 *(.init5)
 *(.init5)
 *(.init6)
 *(.init6)
 *(.init7)
 *(.init7)
 *(.init8)
 *(.init8)
 *(.init9)
 .init9         0x000000000000067c        0x8 /usr/lib/gcc/avr/5.4.0/../../../avr/lib/avr5/crtatmega32u4.o
 *(.init9)
 *(.text)
 .text          0x0000000000000684        0x4 /usr/lib/gcc/avr/5.4.0/../../../avr/lib/avr5/crtatmega32u4.o
                0x0000000000000684                __vector_38
                0x0000000000000684                __vector_22
                0x0000000000000684                __vector_28
                0x0000000000000684                __vector_1
                0x0000000000000684                __vector_32
                0x0000000000000684                __vector_34
                0x0000000000000684                __vector_24
                0x0000000000000684                __bad_interrupt
                0x0000000000000684                __vector_6
                0x0000000000000684                __vector_31
                0x0000000000000684                __vector_35
                0x0000000000000684                __vector_39
                0x0000000000000684                __vector_23
                0x0000000000000684                __vector_30
                0x0000000000000684                __vector_25
                0x0000000000000684                __vector_13
                0x0000000000000684                __vector_17
                0x0000000000000684                __vector_19
                0x0000000000000684                __vector_7
                0x0000000000000684                __vector_41
                0x0000000000000684                __vector_27
                0x0000000000000684                __vector_5
                0x0000000000000684                __vector_33
                0x0000000000000684                __vector_37
                0x0000000000000684                __vector_4
                0x0000000000000684                __vector_9
                0x0000000000000684                __vector_2
                0x0000000000000684                __vector_15
                0x0000000000000684                __vector_36
                0x0000000000000684                __vector_29
                0x0000000000000684                __vector_40
                0x0000000000000684                __vector_8
                0x0000000000000684                __vector_26
                0x0000000000000684                __vector_14
                0x0000000000000684                __vector_16
                0x0000000000000684                __vector_18
                0x0000000000000684                __vector_20
                0x0000000000000684                __vector_42
                0x0000000000000688                . = ALIGN (0x2)
 *(.text.*)
 .text.mod_config
                0x0000000000000688       0x86 /tmp/ccG7jcfl.ltrans0.ltrans.o
 .text.rgblight_get_syncinfo
                0x000000000000070e       0x26 /tmp/ccG7jcfl.ltrans0.ltrans.o
                0x000000000000070e                rgblight_get_syncinfo
 .text.rgblight_clear_change_flags
                0x0000000000000734        0x6 /tmp/ccG7jcfl.ltrans0.ltrans.o
                0x0000000000000734                rgblight_clear_change_flags
 .text.rgblight_get_change_flags
                0x000000000000073a        0x6 /tmp/ccG7jcfl.ltrans0.ltrans.o
                0x000000000000073a                rgblight_get_change_flags
 .text.rgblight_set
                0x0000000000000740       0x98 /tmp/ccG7jcfl.ltrans0.ltrans.o
                0x0000000000000740                rgblight_set
 .text.rgblight_setrgb
                0x00000000000007d8       0x36 /tmp/ccG7jcfl.ltrans0.ltrans.o
                0x00000000000007d8                rgblight_setrgb
 .text.rgblight_check_config
                0x000000000000080e       0x34 /tmp/ccG7jcfl.ltrans0.ltrans.o
                0x000000000000080e                rgblight_check_config
 .text.eeconfig_update_rgblight
                0x0000000000000842       0x24 /tmp/ccG7jcfl.ltrans0.ltrans.o
                0x0000000000000842                eeconfig_update_rgblight
 .text.rgblight_decrease_speed
                0x0000000000000866       0x22 /tmp/ccG7jcfl.ltrans0.ltrans.o
                0x0000000000000866                rgblight_decrease_speed
 .text.rgblight_increase_speed
                0x0000000000000888       0x22 /tmp/ccG7jcfl.ltrans0.ltrans.o
                0x0000000000000888                rgblight_increase_speed
 .text.eeconfig_update_rgblight_default
                0x00000000000008aa       0x30 /tmp/ccG7jcfl.ltrans0.ltrans.o
                0x00000000000008aa                eeconfig_update_rgblight_default
 .text.sethsv   0x00000000000008da      0x132 /tmp/ccG7jcfl.ltrans0.ltrans.o
                0x00000000000008da                sethsv
 .text.rgblight_sethsv_eeprom_helper
                0x0000000000000a0c      0x144 /tmp/ccG7jcfl.ltrans0.ltrans.o
 .text.rgblight_decrease_val
                0x0000000000000b50       0x18 /tmp/ccG7jcfl.ltrans0.ltrans.o
                0x0000000000000b50                rgblight_decrease_val
 .text.rgblight_increase_val
                0x0000000000000b68       0x18 /tmp/ccG7jcfl.ltrans0.ltrans.o
                0x0000000000000b68                rgblight_increase_val
 .text.rgblight_decrease_sat
                0x0000000000000b80       0x18 /tmp/ccG7jcfl.ltrans0.ltrans.o
                0x0000000000000b80                rgblight_decrease_sat
 .text.rgblight_increase_sat
                0x0000000000000b98       0x18 /tmp/ccG7jcfl.ltrans0.ltrans.o
                0x0000000000000b98                rgblight_increase_sat
 .text.rgblight_decrease_hue
                0x0000000000000bb0       0x12 /tmp/ccG7jcfl.ltrans0.ltrans.o
                0x0000000000000bb0                rgblight_decrease_hue
 .text.rgblight_increase_hue
                0x0000000000000bc2       0x12 /tmp/ccG7jcfl.ltrans0.ltrans.o
                0x0000000000000bc2                rgblight_increase_hue
 .text.rgblight_sethsv_noeeprom_old
                0x0000000000000bd4       0x34 /tmp/ccG7jcfl.ltrans0.ltrans.o
                0x0000000000000bd4                rgblight_sethsv_noeeprom_old
 .text.mousekey_send
                0x0000000000000c08       0x54 /tmp/ccG7jcfl.ltrans0.ltrans.o
                0x0000000000000c08                mousekey_send
 .text.mousekey_off
                0x0000000000000c5c       0xee /tmp/ccG7jcfl.ltrans0.ltrans.o
                0x0000000000000c5c                mousekey_off
 .text.wheel_unit.lto_priv.27
                0x0000000000000d4a       0x44 /tmp/ccG7jcfl.ltrans0.ltrans.o
                0x0000000000000d4a                wheel_unit.lto_priv.27
 .text.move_unit.lto_priv.28
                0x0000000000000d8e       0x40 /tmp/ccG7jcfl.ltrans0.ltrans.o
                0x0000000000000d8e                move_unit.lto_priv.28
 .text.mousekey_on
                0x0000000000000dce       0xb6 /tmp/ccG7jcfl.ltrans0.ltrans.o
                0x0000000000000dce                mousekey_on
 .text.is_keyboard_master
                0x0000000000000e84       0x46 /tmp/ccG7jcfl.ltrans0.ltrans.o
                0x0000000000000e84                is_keyboard_master
 .text.setPinInputHigh_atomic.lto_priv.30
                0x0000000000000eca       0x2e /tmp/ccG7jcfl.ltrans0.ltrans.o
                0x0000000000000eca                setPinInputHigh_atomic.lto_priv.30
 .text.matrix_scan
                0x0000000000000ef8      0x1fc /tmp/ccG7jcfl.ltrans0.ltrans.o
                0x0000000000000ef8                matrix_scan
 .text.action_for_key
                0x00000000000010f4      0x350 /tmp/ccG7jcfl.ltrans0.ltrans.o
                0x00000000000010f4                action_for_key
 .text.rgblight_mode_eeprom_helper
                0x0000000000001444       0x80 /tmp/ccG7jcfl.ltrans0.ltrans.o
                0x0000000000001444                rgblight_mode_eeprom_helper
 .text.rgblight_update_sync
                0x00000000000014c4       0x90 /tmp/ccG7jcfl.ltrans0.ltrans.o
                0x00000000000014c4                rgblight_update_sync
 .text.rgblight_step_reverse
                0x0000000000001554       0x12 /tmp/ccG7jcfl.ltrans0.ltrans.o
                0x0000000000001554                rgblight_step_reverse
 .text.rgblight_step
                0x0000000000001566       0x14 /tmp/ccG7jcfl.ltrans0.ltrans.o
                0x0000000000001566                rgblight_step
 .text.process_record
                0x000000000000157a      0xc10 /tmp/ccG7jcfl.ltrans1.ltrans.o
                0x000000000000157a                process_record
 .text.keyboard_leds
                0x000000000000218a        0x6 /tmp/ccG7jcfl.ltrans2.ltrans.o
 .text.send_extra
                0x0000000000002190       0x66 /tmp/ccG7jcfl.ltrans2.ltrans.o
 .text.send_consumer
                0x00000000000021f6        0x8 /tmp/ccG7jcfl.ltrans2.ltrans.o
 .text.send_system
                0x00000000000021fe        0x8 /tmp/ccG7jcfl.ltrans2.ltrans.o
 .text.send_mouse
                0x0000000000002206       0x3e /tmp/ccG7jcfl.ltrans2.ltrans.o
 .text.send_keyboard
                0x0000000000002244       0x82 /tmp/ccG7jcfl.ltrans2.ltrans.o
 .text.Endpoint_WaitUntilReady
                0x00000000000022c6       0x66 /tmp/ccG7jcfl.ltrans2.ltrans.o
                0x00000000000022c6                Endpoint_WaitUntilReady
 .text.Endpoint_ClearStatusStage
                0x000000000000232c       0x3e /tmp/ccG7jcfl.ltrans2.ltrans.o
                0x000000000000232c                Endpoint_ClearStatusStage
 .text.Endpoint_ConfigureEndpoint_Prv
                0x000000000000236a       0x6a /tmp/ccG7jcfl.ltrans2.ltrans.o
                0x000000000000236a                Endpoint_ConfigureEndpoint_Prv
 .text.Endpoint_Write_Control_Stream_LE
                0x00000000000023d4       0xbc /tmp/ccG7jcfl.ltrans2.ltrans.o
                0x00000000000023d4                Endpoint_Write_Control_Stream_LE
 .text.bootloader_jump
                0x0000000000002490       0x22 /tmp/ccG7jcfl.ltrans2.ltrans.o
                0x0000000000002490                bootloader_jump
 .text.startup.main
                0x00000000000024b2      0x758 /tmp/ccG7jcfl.ltrans2.ltrans.o
                0x00000000000024b2                main
 .text.sync_timer_read32
                0x0000000000002c0a       0x36 /tmp/ccG7jcfl.ltrans2.ltrans.o
                0x0000000000002c0a                sync_timer_read32
 .text.Endpoint_Write_Stream_LE.constprop.0
                0x0000000000002c40       0x58 /tmp/ccG7jcfl.ltrans3.ltrans.o
                0x0000000000002c40                Endpoint_Write_Stream_LE.constprop.0
 .text.USB_Device_ProcessControlRequest
                0x0000000000002c98      0x592 /tmp/ccG7jcfl.ltrans3.ltrans.o
                0x0000000000002c98                USB_Device_ProcessControlRequest
 .text.__vector_11
                0x000000000000322a       0x88 /tmp/ccG7jcfl.ltrans3.ltrans.o
                0x000000000000322a                __vector_11
 .text.USB_Disable
                0x00000000000032b2       0x3e /tmp/ccG7jcfl.ltrans3.ltrans.o
                0x00000000000032b2                USB_Disable
 .text.USB_Init
                0x00000000000032f0       0xc2 /tmp/ccG7jcfl.ltrans3.ltrans.o
                0x00000000000032f0                USB_Init
 .text.__vector_10
                0x00000000000033b2      0x1aa /tmp/ccG7jcfl.ltrans3.ltrans.o
                0x00000000000033b2                __vector_10
 .text.rgblight_effect_dummy.lto_priv.24
                0x000000000000355c        0x2 /tmp/ccG7jcfl.ltrans4.ltrans.o
                0x000000000000355c                rgblight_effect_dummy.lto_priv.24
 .text.rgblight_effect_alternating
                0x000000000000355e       0x7e /tmp/ccG7jcfl.ltrans4.ltrans.o
                0x000000000000355e                rgblight_effect_alternating
 .text.rgblight_effect_christmas
                0x00000000000035dc      0x126 /tmp/ccG7jcfl.ltrans4.ltrans.o
                0x00000000000035dc                rgblight_effect_christmas
 .text.rgblight_effect_knight
                0x0000000000003702      0x10c /tmp/ccG7jcfl.ltrans4.ltrans.o
                0x0000000000003702                rgblight_effect_knight
 .text.rgblight_effect_snake
                0x000000000000380e      0x13a /tmp/ccG7jcfl.ltrans4.ltrans.o
                0x000000000000380e                rgblight_effect_snake
 .text.rgblight_effect_rainbow_swirl
                0x0000000000003948       0x76 /tmp/ccG7jcfl.ltrans4.ltrans.o
                0x0000000000003948                rgblight_effect_rainbow_swirl
 .text.rgblight_effect_twinkle
                0x00000000000039be      0x1ae /tmp/ccG7jcfl.ltrans4.ltrans.o
                0x00000000000039be                rgblight_effect_twinkle
 .text.rgblight_effect_rgbtest
                0x0000000000003b6c       0x80 /tmp/ccG7jcfl.ltrans4.ltrans.o
                0x0000000000003b6c                rgblight_effect_rgbtest
 .text.rgblight_effect_rainbow_mood
                0x0000000000003bec       0x20 /tmp/ccG7jcfl.ltrans4.ltrans.o
                0x0000000000003bec                rgblight_effect_rainbow_mood
 .text.rgblight_effect_breathing
                0x0000000000003c0c       0x28 /tmp/ccG7jcfl.ltrans4.ltrans.o
                0x0000000000003c0c                rgblight_effect_breathing
 .text.action_exec
                0x0000000000003c34      0x13c /tmp/ccG7jcfl.ltrans4.ltrans.o
                0x0000000000003c34                action_exec
 .text.host_consumer_send
                0x0000000000003d70       0x2c /tmp/ccG7jcfl.ltrans4.ltrans.o
                0x0000000000003d70                host_consumer_send
 .text.host_system_send
                0x0000000000003d9c       0x2c /tmp/ccG7jcfl.ltrans4.ltrans.o
                0x0000000000003d9c                host_system_send
 .text.host_keyboard_leds
                0x0000000000003dc8       0x18 /tmp/ccG7jcfl.ltrans4.ltrans.o
                0x0000000000003dc8                host_keyboard_leds
 .text.perform_space_cadet
                0x0000000000003de0      0x116 /tmp/ccG7jcfl.ltrans4.ltrans.o
                0x0000000000003de0                perform_space_cadet
 .text.handleKeycodeRGBMode.lto_priv.48
                0x0000000000003ef6       0x24 /tmp/ccG7jcfl.ltrans4.ltrans.o
                0x0000000000003ef6                handleKeycodeRGBMode.lto_priv.48
 .text.handleKeycodeRGB.lto_priv.49
                0x0000000000003f1a        0xc /tmp/ccG7jcfl.ltrans4.ltrans.o
                0x0000000000003f1a                handleKeycodeRGB.lto_priv.49
 .text.rgblight_timer_init
                0x0000000000003f26        0xe /tmp/ccG7jcfl.ltrans4.ltrans.o
                0x0000000000003f26                rgblight_timer_init
                0x0000000000003f26                rgblight_timer_disable
 .text.rgblight_timer_enable
                0x0000000000003f34       0x36 /tmp/ccG7jcfl.ltrans4.ltrans.o
                0x0000000000003f34                rgblight_timer_enable
 .text.is_tap_key
                0x0000000000003f6a       0x52 /tmp/ccG7jcfl.ltrans5.ltrans.o
 .text.process_tapping.lto_priv.51
                0x0000000000003fbc      0x35e /tmp/ccG7jcfl.ltrans5.ltrans.o
                0x0000000000003fbc                process_tapping.lto_priv.51
 .text.clear_keyboard_but_mods_and_keys
                0x000000000000431a       0x3a /tmp/ccG7jcfl.ltrans5.ltrans.o
                0x000000000000431a                clear_keyboard_but_mods_and_keys
 .text.clear_keyboard
                0x0000000000004354       0x2a /tmp/ccG7jcfl.ltrans5.ltrans.o
                0x0000000000004354                clear_keyboard
 .text.unregister_mods
                0x000000000000437e       0x16 /tmp/ccG7jcfl.ltrans5.ltrans.o
                0x000000000000437e                unregister_mods
 .text.register_mods
                0x0000000000004394       0x14 /tmp/ccG7jcfl.ltrans5.ltrans.o
                0x0000000000004394                register_mods
 .text.unregister_code
                0x00000000000043a8       0x72 /tmp/ccG7jcfl.ltrans5.ltrans.o
                0x00000000000043a8                unregister_code
 .text.register_code
                0x000000000000441a       0xf0 /tmp/ccG7jcfl.ltrans5.ltrans.o
                0x000000000000441a                register_code
 .text.sendchar
                0x000000000000450a        0x4 /tmp/ccG7jcfl.ltrans6.ltrans.o
                0x000000000000450a                sendchar
 .text.__vector_21
                0x000000000000450e       0x4c /tmp/ccG7jcfl.ltrans6.ltrans.o
                0x000000000000450e                __vector_21
 .text.timer_elapsed
                0x000000000000455a       0x1e /tmp/ccG7jcfl.ltrans6.ltrans.o
                0x000000000000455a                timer_elapsed
 .text.timer_read32
                0x0000000000004578       0x18 /tmp/ccG7jcfl.ltrans6.ltrans.o
                0x0000000000004578                timer_read32
 .text.sync_timer_update
                0x0000000000004590       0x3a /tmp/ccG7jcfl.ltrans6.ltrans.o
                0x0000000000004590                sync_timer_update
 .text.timer_read
                0x00000000000045ca       0x18 /tmp/ccG7jcfl.ltrans6.ltrans.o
                0x00000000000045ca                timer_read
 .text.__vector_12
                0x00000000000045e2       0x52 /tmp/ccG7jcfl.ltrans6.ltrans.o
                0x00000000000045e2                __vector_12
 .text.del_key_from_report
                0x0000000000004634       0x50 /tmp/ccG7jcfl.ltrans6.ltrans.o
                0x0000000000004634                del_key_from_report
 .text.add_key_to_report
                0x0000000000004684       0x6a /tmp/ccG7jcfl.ltrans6.ltrans.o
                0x0000000000004684                add_key_to_report
 .text.eeconfig_read_keymap
                0x00000000000046ee       0x22 /tmp/ccG7jcfl.ltrans6.ltrans.o
                0x00000000000046ee                eeconfig_read_keymap
 .text.eeconfig_init_quantum
                0x0000000000004710       0xd6 /tmp/ccG7jcfl.ltrans6.ltrans.o
                0x0000000000004710                eeconfig_init_quantum
 .text.clear_oneshot_mods
                0x00000000000047e6        0xc /tmp/ccG7jcfl.ltrans6.ltrans.o
                0x00000000000047e6                clear_oneshot_mods
 .text.send_keyboard_report
                0x00000000000047f2       0x8c /tmp/ccG7jcfl.ltrans6.ltrans.o
                0x00000000000047f2                send_keyboard_report
 .text.oneshot_set
                0x000000000000487e       0x34 /tmp/ccG7jcfl.ltrans6.ltrans.o
                0x000000000000487e                oneshot_set
 .text.layer_switch_get_layer
                0x00000000000048b2       0x84 /tmp/ccG7jcfl.ltrans6.ltrans.o
                0x00000000000048b2                layer_switch_get_layer
 .text.layer_switch_get_action
                0x0000000000004936       0x16 /tmp/ccG7jcfl.ltrans6.ltrans.o
                0x0000000000004936                layer_switch_get_action
 .text.read_source_layers_cache
                0x000000000000494c       0x5a /tmp/ccG7jcfl.ltrans6.ltrans.o
                0x000000000000494c                read_source_layers_cache
 .text.update_source_layers_cache
                0x00000000000049a6       0x58 /tmp/ccG7jcfl.ltrans6.ltrans.o
                0x00000000000049a6                update_source_layers_cache
 .text.layer_state_set
                0x00000000000049fe       0x14 /tmp/ccG7jcfl.ltrans6.ltrans.o
                0x00000000000049fe                layer_state_set
 .text.layer_off
                0x0000000000004a12       0x4a /tmp/ccG7jcfl.ltrans6.ltrans.o
                0x0000000000004a12                layer_off
 .text.clear_oneshot_layer_state
                0x0000000000004a5c       0x3a /tmp/ccG7jcfl.ltrans6.ltrans.o
                0x0000000000004a5c                clear_oneshot_layer_state
 .text.layer_on
                0x0000000000004a96       0x42 /tmp/ccG7jcfl.ltrans6.ltrans.o
                0x0000000000004a96                layer_on
 .text.default_layer_state_set.lto_priv.29
                0x0000000000004ad8       0x14 /tmp/ccG7jcfl.ltrans6.ltrans.o
                0x0000000000004ad8                default_layer_state_set.lto_priv.29
 .text.debug_waiting_buffer.lto_priv.52
                0x0000000000004aec       0x14 /tmp/ccG7jcfl.ltrans6.ltrans.o
                0x0000000000004aec                debug_waiting_buffer.lto_priv.52
 .text.waiting_buffer_scan_tap.lto_priv.45
                0x0000000000004b00       0xd8 /tmp/ccG7jcfl.ltrans6.ltrans.o
                0x0000000000004b00                waiting_buffer_scan_tap.lto_priv.45
 .text.sync_timer_read
                0x0000000000004bd8       0x12 /tmp/ccG7jcfl.ltrans6.ltrans.o
                0x0000000000004bd8                sync_timer_read
 .text.transport_master_init
                0x0000000000004bea        0xc .build/obj_crkbd_rev1_genichiro/quantum/split_common/transport.a(transport.o)
                0x0000000000004bea                transport_master_init
 .text.transport_slave_init
                0x0000000000004bf6        0xc .build/obj_crkbd_rev1_genichiro/quantum/split_common/transport.a(transport.o)
                0x0000000000004bf6                transport_slave_init
 .text.transport_rgblight_master
                0x0000000000004c02       0x22 .build/obj_crkbd_rev1_genichiro/quantum/split_common/transport.a(transport.o)
                0x0000000000004c02                transport_rgblight_master
 .text.transport_rgblight_slave
                0x0000000000004c24       0x18 .build/obj_crkbd_rev1_genichiro/quantum/split_common/transport.a(transport.o)
                0x0000000000004c24                transport_rgblight_slave
 .text.transport_master
                0x0000000000004c3c       0x5c .build/obj_crkbd_rev1_genichiro/quantum/split_common/transport.a(transport.o)
                0x0000000000004c3c                transport_master
 .text.transport_slave
                0x0000000000004c98       0x40 .build/obj_crkbd_rev1_genichiro/quantum/split_common/transport.a(transport.o)
                0x0000000000004c98                transport_slave
 .text.sync_recv
                0x0000000000004cd8       0x10 .build/obj_crkbd_rev1_genichiro/serial.a(serial.o)
 .text.sync_send
                0x0000000000004ce8        0xc .build/obj_crkbd_rev1_genichiro/serial.a(serial.o)
 .text.serial_read_chunk
                0x0000000000004cf4       0x54 .build/obj_crkbd_rev1_genichiro/serial.a(serial.o)
 .text.serial_recive_packet
                0x0000000000004d48       0x50 .build/obj_crkbd_rev1_genichiro/serial.a(serial.o)
 .text.soft_serial_initiator_init
                0x0000000000004d98       0x12 .build/obj_crkbd_rev1_genichiro/serial.a(serial.o)
                0x0000000000004d98                soft_serial_initiator_init
 .text.soft_serial_target_init
                0x0000000000004daa       0x1e .build/obj_crkbd_rev1_genichiro/serial.a(serial.o)
                0x0000000000004daa                soft_serial_target_init
 .text.serial_write_chunk
                0x0000000000004dc8       0x40 .build/obj_crkbd_rev1_genichiro/serial.a(serial.o)
                0x0000000000004dc8                serial_write_chunk
 .text.serial_send_packet
                0x0000000000004e08       0x34 .build/obj_crkbd_rev1_genichiro/serial.a(serial.o)
 .text.__vector_3
                0x0000000000004e3c      0x120 .build/obj_crkbd_rev1_genichiro/serial.a(serial.o)
                0x0000000000004e3c                __vector_3
 .text.soft_serial_transaction
                0x0000000000004f5c      0x106 .build/obj_crkbd_rev1_genichiro/serial.a(serial.o)
                0x0000000000004f5c                soft_serial_transaction
 .text.avr-libc
                0x0000000000005062       0xb8 /usr/lib/gcc/avr/5.4.0/../../../avr/lib/avr5/libc.a(rand.o)
                0x00000000000050f4                rand_r
                0x00000000000050fa                rand
                0x0000000000005104                srand
 .text.avr-libc
                0x000000000000511a       0x10 /usr/lib/gcc/avr/5.4.0/../../../avr/lib/avr5/libatmega32u4.a(eerd_byte.o)
                0x000000000000511a                eeprom_read_byte
 .text.avr-libc
                0x000000000000512a        0xc /usr/lib/gcc/avr/5.4.0/../../../avr/lib/avr5/libatmega32u4.a(eerd_dword.o)
                0x000000000000512a                eeprom_read_dword
                0x000000000000512a                eeprom_read_float
 .text.avr-libc
                0x0000000000005136        0xc /usr/lib/gcc/avr/5.4.0/../../../avr/lib/avr5/libatmega32u4.a(eerd_word.o)
                0x0000000000005136                eeprom_read_word
 .text.avr-libc
                0x0000000000005142       0x24 /usr/lib/gcc/avr/5.4.0/../../../avr/lib/avr5/libatmega32u4.a(eeupd_byte.o)
                0x0000000000005142                eeprom_update_byte
                0x0000000000005144                eeprom_update_r18
 .text.avr-libc
                0x0000000000005166       0x18 /usr/lib/gcc/avr/5.4.0/../../../avr/lib/avr5/libatmega32u4.a(eeupd_dword.o)
                0x0000000000005166                eeprom_update_dword
                0x0000000000005166                eeprom_update_float
 .text.avr-libc
                0x000000000000517e        0xc /usr/lib/gcc/avr/5.4.0/../../../avr/lib/avr5/libatmega32u4.a(eeupd_word.o)
                0x000000000000517e                eeprom_update_word
 .text.avr-libc
                0x000000000000518a       0x20 /usr/lib/gcc/avr/5.4.0/../../../avr/lib/avr5/libatmega32u4.a(eerd_block.o)
                0x000000000000518a                eeprom_read_block
                0x000000000000518e                eeprom_read_blraw
 .text.libgcc.div
                0x00000000000051aa       0x2e /usr/lib/gcc/avr/5.4.0/avr5/libgcc.a(_divmodsi4.o)
                0x00000000000051aa                __divmodsi4
 .text.libgcc.div
                0x00000000000051d8       0x10 /usr/lib/gcc/avr/5.4.0/avr5/libgcc.a(_negsi2.o)
                0x00000000000051d8                __negsi2
 .text.libgcc.mul
                0x00000000000051e8       0x16 /usr/lib/gcc/avr/5.4.0/avr5/libgcc.a(_muluhisi3.o)
                0x00000000000051e8                __muluhisi3
 .text.libgcc.mul
                0x00000000000051fe       0x10 /usr/lib/gcc/avr/5.4.0/avr5/libgcc.a(_mulshisi3.o)
                0x00000000000051fe                __mulshisi3
                0x0000000000005204                __mulohisi3
 .text.libgcc.div
                0x000000000000520e       0x44 /usr/lib/gcc/avr/5.4.0/avr5/libgcc.a(_udivmodsi4.o)
                0x000000000000520e                __udivmodsi4
 .text.libgcc.mul
                0x0000000000005252       0x1e /usr/lib/gcc/avr/5.4.0/avr5/libgcc.a(_umulhisi3.o)
                0x0000000000005252                __umulhisi3
 .text.libgcc.div
                0x0000000000005270       0x18 /usr/lib/gcc/avr/5.4.0/avr5/libgcc.a(_udivmodqi4.o)
                0x0000000000005270                __udivmodqi4
 .text.libgcc.div
                0x0000000000005288       0x1c /usr/lib/gcc/avr/5.4.0/avr5/libgcc.a(_divmodqi4.o)
                0x0000000000005288                __divmodqi4
 .text.libgcc.div
                0x00000000000052a4       0x28 /usr/lib/gcc/avr/5.4.0/avr5/libgcc.a(_udivmodhi4.o)
                0x00000000000052a4                __udivmodhi4
 .text.libgcc.div
                0x00000000000052cc       0x28 /usr/lib/gcc/avr/5.4.0/avr5/libgcc.a(_divmodhi4.o)
                0x00000000000052cc                __divmodhi4
                0x00000000000052cc                _div
 .text.libgcc   0x00000000000052f4        0xc /usr/lib/gcc/avr/5.4.0/avr5/libgcc.a(_tablejump2.o)
                0x00000000000052f4                __tablejump2__
 .text.libgcc.mul
                0x0000000000005300       0x10 /usr/lib/gcc/avr/5.4.0/avr5/libgcc.a(_mulhisi3.o)
                0x0000000000005300                __mulhisi3
 .text.libgcc.mul
                0x0000000000005310        0xe /usr/lib/gcc/avr/5.4.0/avr5/libgcc.a(_usmulhisi3.o)
                0x0000000000005310                __usmulhisi3
                0x0000000000005314                __usmulhisi3_tail
 .text.avr-libc
                0x000000000000531e       0x1a /usr/lib/gcc/avr/5.4.0/../../../avr/lib/avr5/libc.a(memchr.o)
                0x000000000000531e                memchr
                0x0000000000005338                . = ALIGN (0x2)
 *(.fini9)
 .fini9         0x0000000000005338        0x0 /usr/lib/gcc/avr/5.4.0/avr5/libgcc.a(_exit.o)
                0x0000000000005338                exit
                0x0000000000005338                _exit
 *(.fini9)
 *(.fini8)
 *(.fini8)
 *(.fini7)
 *(.fini7)
 *(.fini6)
 *(.fini6)
 *(.fini5)
 *(.fini5)
 *(.fini4)
 *(.fini4)
 *(.fini3)
 *(.fini3)
 *(.fini2)
 *(.fini2)
 *(.fini1)
 *(.fini1)
 *(.fini0)
 .fini0         0x0000000000005338        0x4 /usr/lib/gcc/avr/5.4.0/avr5/libgcc.a(_exit.o)
 *(.fini0)
                0x000000000000533c                _etext = .

.data           0x0000000000800100       0x9e load address 0x000000000000533c
                0x0000000000800100                PROVIDE (__data_start, .)
 *(.data)
 .data          0x0000000000800100        0x4 /usr/lib/gcc/avr/5.4.0/../../../avr/lib/avr5/libc.a(rand.o)
 *(.data*)
 .data.rgblight_ranges
                0x0000000000800104        0x5 /tmp/ccG7jcfl.ltrans2.ltrans.o
                0x0000000000800104                rgblight_ranges
 .data.isLeftHand
                0x0000000000800109        0x1 /tmp/ccG7jcfl.ltrans2.ltrans.o
 .data.lufa_driver
                0x000000000080010a        0xa /tmp/ccG7jcfl.ltrans2.ltrans.o
 .data.keyboard_protocol
                0x0000000000800114        0x1 /tmp/ccG7jcfl.ltrans3.ltrans.o
                0x0000000000800114                keyboard_protocol
 .data.static_effect_table.lto_priv.53
                0x0000000000800115        0xb /tmp/ccG7jcfl.ltrans4.ltrans.o
                0x0000000000800115                static_effect_table.lto_priv.53
 .data.increment.3505
                0x0000000000800120        0x1 /tmp/ccG7jcfl.ltrans4.ltrans.o
 .data.high_bound.3504
                0x0000000000800121        0x1 /tmp/ccG7jcfl.ltrans4.ltrans.o
 .data.increment.3517
                0x0000000000800122        0x1 /tmp/ccG7jcfl.ltrans4.ltrans.o
 .data.transactions
                0x0000000000800123       0x10 .build/obj_crkbd_rev1_genichiro/quantum/split_common/transport.a(transport.o)
                0x0000000000800123                transactions
 *(.gnu.linkonce.d*)
 *(.rodata)
 *(.rodata*)
 .rodata.mode_base_table
                0x0000000000800133       0x2b /tmp/ccG7jcfl.ltrans0.ltrans.o
 .rodata.row_pins.lto_priv.58
                0x000000000080015e        0x8 /tmp/ccG7jcfl.ltrans2.ltrans.o
                0x000000000080015e                row_pins.lto_priv.58
 .rodata.col_pins.lto_priv.57
                0x0000000000800166        0x6 /tmp/ccG7jcfl.ltrans2.ltrans.o
                0x0000000000800166                col_pins.lto_priv.57
 .rodata.CSWTCH.1.lto_priv.60
                0x000000000080016c        0x3 /tmp/ccG7jcfl.ltrans5.ltrans.o
                0x000000000080016c                CSWTCH.1.lto_priv.60
 .rodata.CSWTCH.3.lto_priv.59
                0x000000000080016f       0x2e /tmp/ccG7jcfl.ltrans5.ltrans.o
                0x000000000080016f                CSWTCH.3.lto_priv.59
 *(.gnu.linkonce.r*)
                0x000000000080019e                . = ALIGN (0x2)
 *fill*         0x000000000080019d        0x1 
                0x000000000080019e                _edata = .
                0x000000000080019e                PROVIDE (__data_end, .)

.bss            0x000000000080019e      0x181
                0x000000000080019e                PROVIDE (__bss_start, .)
 *(.bss)
 .bss           0x000000000080019e        0x2 .build/obj_crkbd_rev1_genichiro/common/avr/xprintf.o
                0x000000000080019e                xfunc_out
 *(.bss*)
 .bss.debouncing_time
                0x00000000008001a0        0x2 /tmp/ccG7jcfl.ltrans0.ltrans.o
 .bss.debouncing
                0x00000000008001a2        0x1 /tmp/ccG7jcfl.ltrans0.ltrans.o
 .bss.error_count.6696
                0x00000000008001a3        0x1 /tmp/ccG7jcfl.ltrans0.ltrans.o
 .bss.usbstate.6638
                0x00000000008001a4        0x1 /tmp/ccG7jcfl.ltrans0.ltrans.o
 .bss.sc_last.lto_priv.50
                0x00000000008001a5        0x1 /tmp/ccG7jcfl.ltrans1.ltrans.o
                0x00000000008001a5                sc_last.lto_priv.50
 .bss.grave_esc_was_shifted
                0x00000000008001a6        0x1 /tmp/ccG7jcfl.ltrans1.ltrans.o
 .bss.sync_timer_ms
                0x00000000008001a7        0x4 /tmp/ccG7jcfl.ltrans2.ltrans.o
                0x00000000008001a7                sync_timer_ms
 .bss.layer_state
                0x00000000008001ab        0x4 /tmp/ccG7jcfl.ltrans2.ltrans.o
                0x00000000008001ab                layer_state
 .bss.keymap_config
                0x00000000008001af        0x2 /tmp/ccG7jcfl.ltrans2.ltrans.o
                0x00000000008001af                keymap_config
 .bss.raw_matrix
                0x00000000008001b1        0x8 /tmp/ccG7jcfl.ltrans2.ltrans.o
                0x00000000008001b1                raw_matrix
 .bss.thatHand  0x00000000008001b9        0x1 /tmp/ccG7jcfl.ltrans2.ltrans.o
                0x00000000008001b9                thatHand
 .bss.thisHand  0x00000000008001ba        0x1 /tmp/ccG7jcfl.ltrans2.ltrans.o
                0x00000000008001ba                thisHand
 .bss.is_rgblight_initialized
                0x00000000008001bb        0x1 /tmp/ccG7jcfl.ltrans2.ltrans.o
 .bss.driver.lto_priv.32
                0x00000000008001bc        0x2 /tmp/ccG7jcfl.ltrans2.ltrans.o
                0x00000000008001bc                driver.lto_priv.32
 .bss.wdt_timeout.lto_priv.31
                0x00000000008001be        0x1 /tmp/ccG7jcfl.ltrans2.ltrans.o
                0x00000000008001be                wdt_timeout.lto_priv.31
 .bss.matrix    0x00000000008001bf        0x8 /tmp/ccG7jcfl.ltrans2.ltrans.o
                0x00000000008001bf                matrix
 .bss.report_last_timer.3454
                0x00000000008001c7        0x2 /tmp/ccG7jcfl.ltrans2.ltrans.o
 .bss.tick_flag.3455
                0x00000000008001c9        0x1 /tmp/ccG7jcfl.ltrans2.ltrans.o
 .bss.animation_status
                0x00000000008001ca        0x6 /tmp/ccG7jcfl.ltrans2.ltrans.o
                0x00000000008001ca                animation_status
 .bss.rgblight_config
                0x00000000008001d0        0x5 /tmp/ccG7jcfl.ltrans2.ltrans.o
                0x00000000008001d0                rgblight_config
 .bss.rgblight_status
                0x00000000008001d5        0x3 /tmp/ccG7jcfl.ltrans2.ltrans.o
                0x00000000008001d5                rgblight_status
 .bss.mousekey_wheel_repeat.lto_priv.39
                0x00000000008001d8        0x1 /tmp/ccG7jcfl.ltrans2.ltrans.o
                0x00000000008001d8                mousekey_wheel_repeat.lto_priv.39
 .bss.last_timer_w.lto_priv.55
                0x00000000008001d9        0x2 /tmp/ccG7jcfl.ltrans2.ltrans.o
                0x00000000008001d9                last_timer_w.lto_priv.55
 .bss.mousekey_repeat.lto_priv.38
                0x00000000008001db        0x1 /tmp/ccG7jcfl.ltrans2.ltrans.o
                0x00000000008001db                mousekey_repeat.lto_priv.38
 .bss.last_timer_c.lto_priv.54
                0x00000000008001dc        0x2 /tmp/ccG7jcfl.ltrans2.ltrans.o
                0x00000000008001dc                last_timer_c.lto_priv.54
 .bss.mouse_report.lto_priv.37
                0x00000000008001de        0x6 /tmp/ccG7jcfl.ltrans2.ltrans.o
                0x00000000008001de                mouse_report.lto_priv.37
 .bss.led_status.6277
                0x00000000008001e4        0x1 /tmp/ccG7jcfl.ltrans2.ltrans.o
 .bss.debug_config
                0x00000000008001e5        0x1 /tmp/ccG7jcfl.ltrans2.ltrans.o
 .bss.matrix_prev.6276
                0x00000000008001e6        0x8 /tmp/ccG7jcfl.ltrans2.ltrans.o
 .bss.USB_IsInitialized
                0x00000000008001ee        0x1 /tmp/ccG7jcfl.ltrans3.ltrans.o
 .bss.keyboard_idle
                0x00000000008001ef        0x1 /tmp/ccG7jcfl.ltrans3.ltrans.o
 .bss.keyboard_led_state.lto_priv.26
                0x00000000008001f0        0x1 /tmp/ccG7jcfl.ltrans3.ltrans.o
                0x00000000008001f0                keyboard_led_state.lto_priv.26
 .bss.keyboard_report_sent.lto_priv.25
                0x00000000008001f1       0x20 /tmp/ccG7jcfl.ltrans3.ltrans.o
                0x00000000008001f1                keyboard_report_sent.lto_priv.25
 .bss.USB_Device_CurrentlySelfPowered
                0x0000000000800211        0x1 /tmp/ccG7jcfl.ltrans3.ltrans.o
 .bss.USB_Device_RemoteWakeupEnabled
                0x0000000000800212        0x1 /tmp/ccG7jcfl.ltrans3.ltrans.o
                0x0000000000800212                USB_Device_RemoteWakeupEnabled
 .bss.USB_DeviceState
                0x0000000000800213        0x1 /tmp/ccG7jcfl.ltrans3.ltrans.o
                0x0000000000800213                USB_DeviceState
 .bss.USB_Device_ConfigurationNumber
                0x0000000000800214        0x1 /tmp/ccG7jcfl.ltrans3.ltrans.o
 .bss.USB_ControlRequest
                0x0000000000800215        0x8 /tmp/ccG7jcfl.ltrans3.ltrans.o
                0x0000000000800215                USB_ControlRequest
 .bss.pos.3487  0x000000000080021d        0x1 /tmp/ccG7jcfl.ltrans4.ltrans.o
 .bss.low_bound.3503
                0x000000000080021e        0x1 /tmp/ccG7jcfl.ltrans4.ltrans.o
 .bss.maxval.3532
                0x000000000080021f        0x1 /tmp/ccG7jcfl.ltrans4.ltrans.o
 .bss.led       0x0000000000800220       0x24 /tmp/ccG7jcfl.ltrans4.ltrans.o
                0x0000000000800220                led
 .bss.led_twinkle_state
                0x0000000000800244       0x3c /tmp/ccG7jcfl.ltrans4.ltrans.o
 .bss.sc_timer  0x0000000000800280        0x2 /tmp/ccG7jcfl.ltrans4.ltrans.o
 .bss.last_system_report
                0x0000000000800282        0x2 /tmp/ccG7jcfl.ltrans4.ltrans.o
 .bss.last_consumer_report
                0x0000000000800284        0x2 /tmp/ccG7jcfl.ltrans4.ltrans.o
 .bss.mousekey_accel.lto_priv.56
                0x0000000000800286        0x1 /tmp/ccG7jcfl.ltrans5.ltrans.o
                0x0000000000800286                mousekey_accel.lto_priv.56
 .bss.__compound_literal.0.lto_priv.43
                0x0000000000800287       0x20 /tmp/ccG7jcfl.ltrans6.ltrans.o
                0x0000000000800287                __compound_literal.0.lto_priv.43
 .bss.tapping_key.lto_priv.33
                0x00000000008002a7        0x6 /tmp/ccG7jcfl.ltrans6.ltrans.o
                0x00000000008002a7                tapping_key.lto_priv.33
 .bss.waiting_buffer_head.lto_priv.36
                0x00000000008002ad        0x1 /tmp/ccG7jcfl.ltrans6.ltrans.o
                0x00000000008002ad                waiting_buffer_head.lto_priv.36
 .bss.waiting_buffer.lto_priv.35
                0x00000000008002ae       0x30 /tmp/ccG7jcfl.ltrans6.ltrans.o
                0x00000000008002ae                waiting_buffer.lto_priv.35
 .bss.waiting_buffer_tail.lto_priv.34
                0x00000000008002de        0x1 /tmp/ccG7jcfl.ltrans6.ltrans.o
                0x00000000008002de                waiting_buffer_tail.lto_priv.34
 .bss.source_layers_cache
                0x00000000008002df       0x1e /tmp/ccG7jcfl.ltrans6.ltrans.o
 .bss.oneshot_layer_data.lto_priv.46
                0x00000000008002fd        0x1 /tmp/ccG7jcfl.ltrans6.ltrans.o
                0x00000000008002fd                oneshot_layer_data.lto_priv.46
 .bss.macro_mods.lto_priv.40
                0x00000000008002fe        0x1 /tmp/ccG7jcfl.ltrans6.ltrans.o
                0x00000000008002fe                macro_mods.lto_priv.40
 .bss.weak_mods.lto_priv.41
                0x00000000008002ff        0x1 /tmp/ccG7jcfl.ltrans6.ltrans.o
                0x00000000008002ff                weak_mods.lto_priv.41
 .bss.real_mods.lto_priv.42
                0x0000000000800300        0x1 /tmp/ccG7jcfl.ltrans6.ltrans.o
                0x0000000000800300                real_mods.lto_priv.42
 .bss.oneshot_mods.lto_priv.47
                0x0000000000800301        0x1 /tmp/ccG7jcfl.ltrans6.ltrans.o
                0x0000000000800301                oneshot_mods.lto_priv.47
 .bss.default_layer_state
                0x0000000000800302        0x4 /tmp/ccG7jcfl.ltrans6.ltrans.o
                0x0000000000800302                default_layer_state
 .bss.timer_count
                0x0000000000800306        0x4 /tmp/ccG7jcfl.ltrans6.ltrans.o
 .bss.status0   0x000000000080030a        0x1 .build/obj_crkbd_rev1_genichiro/quantum/split_common/transport.a(transport.o)
                0x000000000080030a                status0
 .bss.serial_m2s_buffer
                0x000000000080030b        0x4 .build/obj_crkbd_rev1_genichiro/quantum/split_common/transport.a(transport.o)
                0x000000000080030b                serial_m2s_buffer
 .bss.serial_s2m_buffer
                0x000000000080030f        0x4 .build/obj_crkbd_rev1_genichiro/quantum/split_common/transport.a(transport.o)
                0x000000000080030f                serial_s2m_buffer
 .bss.status_rgblight
                0x0000000000800313        0x1 .build/obj_crkbd_rev1_genichiro/quantum/split_common/transport.a(transport.o)
                0x0000000000800313                status_rgblight
 .bss.serial_rgblight
                0x0000000000800314        0x8 .build/obj_crkbd_rev1_genichiro/quantum/split_common/transport.a(transport.o)
                0x0000000000800314                serial_rgblight
 .bss.Transaction_table_size
                0x000000000080031c        0x1 .build/obj_crkbd_rev1_genichiro/serial.a(serial.o)
 .bss.Transaction_table
                0x000000000080031d        0x2 .build/obj_crkbd_rev1_genichiro/serial.a(serial.o)
 *(COMMON)
                0x000000000080031f                PROVIDE (__bss_end, .)
                0x000000000000533c                __data_load_start = LOADADDR (.data)
                0x00000000000053da                __data_load_end = (__data_load_start + SIZEOF (.data))

.noinit         0x000000000080031f        0x4
                [!provide]                        PROVIDE (__noinit_start, .)
 *(.noinit*)
 .noinit        0x000000000080031f        0x4 /tmp/ccG7jcfl.ltrans2.ltrans.o
                [!provide]                        PROVIDE (__noinit_end, .)
                0x0000000000800323                _end = .
                [!provide]                        PROVIDE (__heap_start, .)

.eeprom         0x0000000000810000        0x0
 *(.eeprom*)
                0x0000000000810000                __eeprom_end = .

.fuse
 *(.fuse)
 *(.lfuse)
 *(.hfuse)
 *(.efuse)

.lock
 *(.lock*)

.signature
 *(.signature*)

.user_signatures
 *(.user_signatures*)

.stab           0x0000000000000000       0x24
 *(.stab)
 .stab          0x0000000000000000       0x24 .build/obj_crkbd_rev1_genichiro/common/avr/xprintf.o
                                        0x8b8 (size before relaxing)

.stabstr        0x0000000000000000       0x6d
 *(.stabstr)
 .stabstr       0x0000000000000000       0x6d .build/obj_crkbd_rev1_genichiro/common/avr/xprintf.o

.stab.excl
 *(.stab.excl)

.stab.exclstr
 *(.stab.exclstr)

.stab.index
 *(.stab.index)

.stab.indexstr
 *(.stab.indexstr)

.comment        0x0000000000000000       0x11
 *(.comment)
 .comment       0x0000000000000000       0x12 /tmp/ccG7jcfl.ltrans0.ltrans.o
 .comment       0x0000000000000000       0x12 /tmp/ccG7jcfl.ltrans1.ltrans.o
 .comment       0x0000000000000000       0x12 /tmp/ccG7jcfl.ltrans2.ltrans.o
 .comment       0x0000000000000000       0x12 /tmp/ccG7jcfl.ltrans3.ltrans.o
 .comment       0x0000000000000000       0x12 /tmp/ccG7jcfl.ltrans4.ltrans.o
 .comment       0x0000000000000000       0x12 /tmp/ccG7jcfl.ltrans5.ltrans.o
 .comment       0x0000000000000000       0x12 /tmp/ccG7jcfl.ltrans6.ltrans.o
 .comment       0x0000000000000000       0x11 .build/obj_crkbd_rev1_genichiro/quantum/split_common/transport.a(transport.o)
                                         0x12 (size before relaxing)
 .comment       0x0000000000000011       0x12 .build/obj_crkbd_rev1_genichiro/serial.a(serial.o)
 .comment       0x0000000000000011       0x12 /usr/lib/gcc/avr/5.4.0/../../../avr/lib/avr5/libc.a(rand.o)

.note.gnu.avr.deviceinfo
                0x0000000000000000       0x40
 .note.gnu.avr.deviceinfo
                0x0000000000000000       0x40 /usr/lib/gcc/avr/5.4.0/../../../avr/lib/avr5/crtatmega32u4.o

.note.gnu.build-id
 *(.note.gnu.build-id)

.debug
 *(.debug)

.line
 *(.line)

.debug_srcinfo
 *(.debug_srcinfo)

.debug_sfnames
 *(.debug_sfnames)

.debug_aranges  0x0000000000000000      0x4c8
 *(.debug_aranges)
 .debug_aranges
                0x0000000000000000      0x128 /tmp/ccG7jcfl.ltrans0.ltrans.o
 .debug_aranges
                0x0000000000000128       0x20 /tmp/ccG7jcfl.ltrans1.ltrans.o
 .debug_aranges
                0x0000000000000148       0x88 /tmp/ccG7jcfl.ltrans2.ltrans.o
 .debug_aranges
                0x00000000000001d0       0x48 /tmp/ccG7jcfl.ltrans3.ltrans.o
 .debug_aranges
                0x0000000000000218       0xb0 /tmp/ccG7jcfl.ltrans4.ltrans.o
 .debug_aranges
                0x00000000000002c8       0x58 /tmp/ccG7jcfl.ltrans5.ltrans.o
 .debug_aranges
                0x0000000000000320       0xf0 /tmp/ccG7jcfl.ltrans6.ltrans.o
 .debug_aranges
                0x0000000000000410       0x48 .build/obj_crkbd_rev1_genichiro/quantum/split_common/transport.a(transport.o)
 .debug_aranges
                0x0000000000000458       0x70 .build/obj_crkbd_rev1_genichiro/serial.a(serial.o)

.debug_pubnames
 *(.debug_pubnames)

.debug_info     0x0000000000000000     0xc212
 *(.debug_info .gnu.linkonce.wi.*)
 .debug_info    0x0000000000000000      0x9f4 /usr/lib/gcc/avr/5.4.0/../../../avr/lib/avr5/crtatmega32u4.o
 .debug_info    0x00000000000009f4     0x1f8e /tmp/ccG7jcfl.ltrans0.ltrans.o
 .debug_info    0x0000000000002982     0x151c /tmp/ccG7jcfl.ltrans1.ltrans.o
 .debug_info    0x0000000000003e9e     0x22bf /tmp/ccG7jcfl.ltrans2.ltrans.o
 .debug_info    0x000000000000615d     0x1e2d /tmp/ccG7jcfl.ltrans3.ltrans.o
 .debug_info    0x0000000000007f8a      0xefb /tmp/ccG7jcfl.ltrans4.ltrans.o
 .debug_info    0x0000000000008e85      0xccb /tmp/ccG7jcfl.ltrans5.ltrans.o
 .debug_info    0x0000000000009b50     0x1395 /tmp/ccG7jcfl.ltrans6.ltrans.o
 .debug_info    0x000000000000aee5      0x700 .build/obj_crkbd_rev1_genichiro/quantum/split_common/transport.a(transport.o)
 .debug_info    0x000000000000b5e5      0xc2d .build/obj_crkbd_rev1_genichiro/serial.a(serial.o)

.debug_abbrev   0x0000000000000000     0x2e06
 *(.debug_abbrev)
 .debug_abbrev  0x0000000000000000      0x96a /usr/lib/gcc/avr/5.4.0/../../../avr/lib/avr5/crtatmega32u4.o
 .debug_abbrev  0x000000000000096a      0x5b6 /tmp/ccG7jcfl.ltrans0.ltrans.o
 .debug_abbrev  0x0000000000000f20      0x346 /tmp/ccG7jcfl.ltrans1.ltrans.o
 .debug_abbrev  0x0000000000001266      0x5da /tmp/ccG7jcfl.ltrans2.ltrans.o
 .debug_abbrev  0x0000000000001840      0x399 /tmp/ccG7jcfl.ltrans3.ltrans.o
 .debug_abbrev  0x0000000000001bd9      0x4c2 /tmp/ccG7jcfl.ltrans4.ltrans.o
 .debug_abbrev  0x000000000000209b      0x3cc /tmp/ccG7jcfl.ltrans5.ltrans.o
 .debug_abbrev  0x0000000000002467      0x481 /tmp/ccG7jcfl.ltrans6.ltrans.o
 .debug_abbrev  0x00000000000028e8      0x23c .build/obj_crkbd_rev1_genichiro/quantum/split_common/transport.a(transport.o)
 .debug_abbrev  0x0000000000002b24      0x2e2 .build/obj_crkbd_rev1_genichiro/serial.a(serial.o)

.debug_line     0x0000000000000000     0x50ad
 *(.debug_line .debug_line.* .debug_line_end)
 .debug_line    0x0000000000000000       0x1a /usr/lib/gcc/avr/5.4.0/../../../avr/lib/avr5/crtatmega32u4.o
 .debug_line    0x000000000000001a      0xed5 /tmp/ccG7jcfl.ltrans0.ltrans.o
 .debug_line    0x0000000000000eef      0x8b9 /tmp/ccG7jcfl.ltrans1.ltrans.o
 .debug_line    0x00000000000017a8      0xfb1 /tmp/ccG7jcfl.ltrans2.ltrans.o
 .debug_line    0x0000000000002759      0xdf5 /tmp/ccG7jcfl.ltrans3.ltrans.o
 .debug_line    0x000000000000354e      0x80d /tmp/ccG7jcfl.ltrans4.ltrans.o
 .debug_line    0x0000000000003d5b      0x50c /tmp/ccG7jcfl.ltrans5.ltrans.o
 .debug_line    0x0000000000004267      0x6f3 /tmp/ccG7jcfl.ltrans6.ltrans.o
 .debug_line    0x000000000000495a      0x223 .build/obj_crkbd_rev1_genichiro/quantum/split_common/transport.a(transport.o)
 .debug_line    0x0000000000004b7d      0x530 .build/obj_crkbd_rev1_genichiro/serial.a(serial.o)

.debug_frame    0x0000000000000000      0xe60
 *(.debug_frame)
 .debug_frame   0x0000000000000000      0x324 /tmp/ccG7jcfl.ltrans0.ltrans.o
 .debug_frame   0x0000000000000324       0x68 /tmp/ccG7jcfl.ltrans1.ltrans.o
 .debug_frame   0x000000000000038c      0x12c /tmp/ccG7jcfl.ltrans2.ltrans.o
 .debug_frame   0x00000000000004b8      0x16c /tmp/ccG7jcfl.ltrans3.ltrans.o
 .debug_frame   0x0000000000000624      0x2a8 /tmp/ccG7jcfl.ltrans4.ltrans.o
 .debug_frame   0x00000000000008cc       0xdc /tmp/ccG7jcfl.ltrans5.ltrans.o
 .debug_frame   0x00000000000009a8      0x290 /tmp/ccG7jcfl.ltrans6.ltrans.o
 .debug_frame   0x0000000000000c38       0x8c .build/obj_crkbd_rev1_genichiro/quantum/split_common/transport.a(transport.o)
 .debug_frame   0x0000000000000cc4      0x19c .build/obj_crkbd_rev1_genichiro/serial.a(serial.o)

.debug_str      0x0000000000000000     0x3a74
 *(.debug_str)
 .debug_str     0x0000000000000000      0x371 /usr/lib/gcc/avr/5.4.0/../../../avr/lib/avr5/crtatmega32u4.o
 .debug_str     0x0000000000000371      0xa0c /tmp/ccG7jcfl.ltrans0.ltrans.o
                                        0xc73 (size before relaxing)
 .debug_str     0x0000000000000d7d      0x3c2 /tmp/ccG7jcfl.ltrans1.ltrans.o
                                        0x770 (size before relaxing)
 .debug_str     0x000000000000113f      0xc07 /tmp/ccG7jcfl.ltrans2.ltrans.o
                                       0x1085 (size before relaxing)
 .debug_str     0x0000000000001d46      0xb31 /tmp/ccG7jcfl.ltrans3.ltrans.o
                                        0xf48 (size before relaxing)
 .debug_str     0x0000000000002877      0x3ff /tmp/ccG7jcfl.ltrans4.ltrans.o
                                        0x70e (size before relaxing)
 .debug_str     0x0000000000002c76      0x1c0 /tmp/ccG7jcfl.ltrans5.ltrans.o
                                        0x579 (size before relaxing)
 .debug_str     0x0000000000002e36      0x4dd /tmp/ccG7jcfl.ltrans6.ltrans.o
                                        0x9a8 (size before relaxing)
 .debug_str     0x0000000000003313      0x555 .build/obj_crkbd_rev1_genichiro/quantum/split_common/transport.a(transport.o)
                                        0x63c (size before relaxing)
 .debug_str     0x0000000000003868      0x20c .build/obj_crkbd_rev1_genichiro/serial.a(serial.o)
                                        0x472 (size before relaxing)

.debug_loc      0x0000000000000000     0x694c
 *(.debug_loc)
 .debug_loc     0x0000000000000000     0x1473 /tmp/ccG7jcfl.ltrans0.ltrans.o
 .debug_loc     0x0000000000001473      0x8c2 /tmp/ccG7jcfl.ltrans1.ltrans.o
 .debug_loc     0x0000000000001d35      0xeaf /tmp/ccG7jcfl.ltrans2.ltrans.o
 .debug_loc     0x0000000000002be4     0x1075 /tmp/ccG7jcfl.ltrans3.ltrans.o
 .debug_loc     0x0000000000003c59      0xf4d /tmp/ccG7jcfl.ltrans4.ltrans.o
 .debug_loc     0x0000000000004ba6      0x8a8 /tmp/ccG7jcfl.ltrans5.ltrans.o
 .debug_loc     0x000000000000544e      0x988 /tmp/ccG7jcfl.ltrans6.ltrans.o
 .debug_loc     0x0000000000005dd6      0x132 .build/obj_crkbd_rev1_genichiro/quantum/split_common/transport.a(transport.o)
 .debug_loc     0x0000000000005f08      0xa44 .build/obj_crkbd_rev1_genichiro/serial.a(serial.o)

.debug_macinfo
 *(.debug_macinfo)

.debug_weaknames
 *(.debug_weaknames)

.debug_funcnames
 *(.debug_funcnames)

.debug_typenames
 *(.debug_typenames)

.debug_varnames
 *(.debug_varnames)

.debug_pubtypes
 *(.debug_pubtypes)

.debug_ranges   0x0000000000000000      0xd50
 *(.debug_ranges)
 .debug_ranges  0x0000000000000000      0x330 /tmp/ccG7jcfl.ltrans0.ltrans.o
 .debug_ranges  0x0000000000000330      0x170 /tmp/ccG7jcfl.ltrans1.ltrans.o
 .debug_ranges  0x00000000000004a0      0x338 /tmp/ccG7jcfl.ltrans2.ltrans.o
 .debug_ranges  0x00000000000007d8      0x190 /tmp/ccG7jcfl.ltrans3.ltrans.o
 .debug_ranges  0x0000000000000968      0x170 /tmp/ccG7jcfl.ltrans4.ltrans.o
 .debug_ranges  0x0000000000000ad8       0x90 /tmp/ccG7jcfl.ltrans5.ltrans.o
 .debug_ranges  0x0000000000000b68      0x150 /tmp/ccG7jcfl.ltrans6.ltrans.o
 .debug_ranges  0x0000000000000cb8       0x38 .build/obj_crkbd_rev1_genichiro/quantum/split_common/transport.a(transport.o)
 .debug_ranges  0x0000000000000cf0       0x60 .build/obj_crkbd_rev1_genichiro/serial.a(serial.o)

.debug_macro
 *(.debug_macro)
OUTPUT(.build/crkbd_rev1_genichiro.elf elf32-avr)
LOAD linker stubs

Cross Reference Table

Symbol                                            File
CALLBACK_HIDParser_FilterHIDReportItem            .build/obj_crkbd_rev1_genichiro/lib/lufa/LUFA/Drivers/USB/Class/Common/HIDParser.o (symbol from plugin)
CALLBACK_USB_GetDescriptor                        .build/obj_crkbd_rev1_genichiro/lufa.o (symbol from plugin)
                                                  .build/obj_crkbd_rev1_genichiro/lib/lufa/LUFA/Drivers/USB/Core/DeviceStandardReq.o (symbol from plugin)
CIE1931_CURVE                                     .build/obj_crkbd_rev1_genichiro/quantum/led_tables.o (symbol from plugin)
                                                  .build/obj_crkbd_rev1_genichiro/quantum/color.o (symbol from plugin)
CSWTCH.1.lto_priv.60                              /tmp/ccG7jcfl.ltrans5.ltrans.o
                                                  /tmp/ccG7jcfl.ltrans0.ltrans.o
CSWTCH.3.lto_priv.59                              /tmp/ccG7jcfl.ltrans5.ltrans.o
                                                  /tmp/ccG7jcfl.ltrans0.ltrans.o
ConfigurationDescriptor                           .build/obj_crkbd_rev1_genichiro/usb_descriptor.o (symbol from plugin)
DeviceDescriptor                                  .build/obj_crkbd_rev1_genichiro/usb_descriptor.o (symbol from plugin)
EVENT_USB_Device_ConfigurationChanged             .build/obj_crkbd_rev1_genichiro/lufa.o (symbol from plugin)
                                                  .build/obj_crkbd_rev1_genichiro/lib/lufa/LUFA/Drivers/USB/Core/DeviceStandardReq.o (symbol from plugin)
EVENT_USB_Device_Connect                          .build/obj_crkbd_rev1_genichiro/lufa.o (symbol from plugin)
                                                  .build/obj_crkbd_rev1_genichiro/lib/lufa/LUFA/Drivers/USB/Core/AVR8/USBInterrupt_AVR8.o (symbol from plugin)
EVENT_USB_Device_ControlRequest                   .build/obj_crkbd_rev1_genichiro/lufa.o (symbol from plugin)
                                                  .build/obj_crkbd_rev1_genichiro/lib/lufa/LUFA/Drivers/USB/Core/DeviceStandardReq.o (symbol from plugin)
EVENT_USB_Device_Disconnect                       .build/obj_crkbd_rev1_genichiro/lufa.o (symbol from plugin)
                                                  .build/obj_crkbd_rev1_genichiro/lib/lufa/LUFA/Drivers/USB/Core/AVR8/USBInterrupt_AVR8.o (symbol from plugin)
EVENT_USB_Device_Reset                            .build/obj_crkbd_rev1_genichiro/lufa.o (symbol from plugin)
                                                  .build/obj_crkbd_rev1_genichiro/lib/lufa/LUFA/Drivers/USB/Core/AVR8/USBInterrupt_AVR8.o (symbol from plugin)
EVENT_USB_Device_StartOfFrame                     .build/obj_crkbd_rev1_genichiro/lib/lufa/LUFA/Drivers/USB/Core/Events.o (symbol from plugin)
                                                  .build/obj_crkbd_rev1_genichiro/lib/lufa/LUFA/Drivers/USB/Core/AVR8/USBInterrupt_AVR8.o (symbol from plugin)
EVENT_USB_Device_Suspend                          .build/obj_crkbd_rev1_genichiro/lufa.o (symbol from plugin)
                                                  .build/obj_crkbd_rev1_genichiro/lib/lufa/LUFA/Drivers/USB/Core/AVR8/USBInterrupt_AVR8.o (symbol from plugin)
EVENT_USB_Device_WakeUp                           .build/obj_crkbd_rev1_genichiro/lufa.o (symbol from plugin)
                                                  .build/obj_crkbd_rev1_genichiro/lib/lufa/LUFA/Drivers/USB/Core/AVR8/USBInterrupt_AVR8.o (symbol from plugin)
Endpoint_ClearEndpoints                           .build/obj_crkbd_rev1_genichiro/lib/lufa/LUFA/Drivers/USB/Core/AVR8/Endpoint_AVR8.o (symbol from plugin)
Endpoint_ClearStatusStage                         /tmp/ccG7jcfl.ltrans2.ltrans.o
                                                  .build/obj_crkbd_rev1_genichiro/lib/lufa/LUFA/Drivers/USB/Core/AVR8/Endpoint_AVR8.o (symbol from plugin)
                                                  /tmp/ccG7jcfl.ltrans3.ltrans.o
                                                  .build/obj_crkbd_rev1_genichiro/lib/lufa/LUFA/Drivers/USB/Core/DeviceStandardReq.o (symbol from plugin)
                                                  .build/obj_crkbd_rev1_genichiro/lufa.o (symbol from plugin)
Endpoint_ConfigureEndpointTable                   .build/obj_crkbd_rev1_genichiro/lib/lufa/LUFA/Drivers/USB/Core/AVR8/Endpoint_AVR8.o (symbol from plugin)
Endpoint_ConfigureEndpoint_Prv                    /tmp/ccG7jcfl.ltrans2.ltrans.o
                                                  .build/obj_crkbd_rev1_genichiro/lib/lufa/LUFA/Drivers/USB/Core/AVR8/Endpoint_AVR8.o (symbol from plugin)
                                                  /tmp/ccG7jcfl.ltrans3.ltrans.o
                                                  .build/obj_crkbd_rev1_genichiro/lib/lufa/LUFA/Drivers/USB/Core/AVR8/USBInterrupt_AVR8.o (symbol from plugin)
                                                  .build/obj_crkbd_rev1_genichiro/lib/lufa/LUFA/Drivers/USB/Core/AVR8/USBController_AVR8.o (symbol from plugin)
                                                  .build/obj_crkbd_rev1_genichiro/lufa.o (symbol from plugin)
Endpoint_Discard_Stream                           .build/obj_crkbd_rev1_genichiro/lib/lufa/LUFA/Drivers/USB/Core/AVR8/EndpointStream_AVR8.o (symbol from plugin)
Endpoint_Null_Stream                              .build/obj_crkbd_rev1_genichiro/lib/lufa/LUFA/Drivers/USB/Core/AVR8/EndpointStream_AVR8.o (symbol from plugin)
Endpoint_Read_Control_EStream_BE                  .build/obj_crkbd_rev1_genichiro/lib/lufa/LUFA/Drivers/USB/Core/AVR8/EndpointStream_AVR8.o (symbol from plugin)
Endpoint_Read_Control_EStream_LE                  .build/obj_crkbd_rev1_genichiro/lib/lufa/LUFA/Drivers/USB/Core/AVR8/EndpointStream_AVR8.o (symbol from plugin)
Endpoint_Read_Control_Stream_BE                   .build/obj_crkbd_rev1_genichiro/lib/lufa/LUFA/Drivers/USB/Core/AVR8/EndpointStream_AVR8.o (symbol from plugin)
Endpoint_Read_Control_Stream_LE                   .build/obj_crkbd_rev1_genichiro/lib/lufa/LUFA/Drivers/USB/Core/AVR8/EndpointStream_AVR8.o (symbol from plugin)
Endpoint_Read_EStream_BE                          .build/obj_crkbd_rev1_genichiro/lib/lufa/LUFA/Drivers/USB/Core/AVR8/EndpointStream_AVR8.o (symbol from plugin)
Endpoint_Read_EStream_LE                          .build/obj_crkbd_rev1_genichiro/lib/lufa/LUFA/Drivers/USB/Core/AVR8/EndpointStream_AVR8.o (symbol from plugin)
Endpoint_Read_Stream_BE                           .build/obj_crkbd_rev1_genichiro/lib/lufa/LUFA/Drivers/USB/Core/AVR8/EndpointStream_AVR8.o (symbol from plugin)
Endpoint_Read_Stream_LE                           .build/obj_crkbd_rev1_genichiro/lib/lufa/LUFA/Drivers/USB/Core/AVR8/EndpointStream_AVR8.o (symbol from plugin)
Endpoint_WaitUntilReady                           /tmp/ccG7jcfl.ltrans2.ltrans.o
                                                  .build/obj_crkbd_rev1_genichiro/lib/lufa/LUFA/Drivers/USB/Core/AVR8/Endpoint_AVR8.o (symbol from plugin)
                                                  /tmp/ccG7jcfl.ltrans3.ltrans.o
                                                  .build/obj_crkbd_rev1_genichiro/lib/lufa/LUFA/Drivers/USB/Core/AVR8/EndpointStream_AVR8.o (symbol from plugin)
Endpoint_Write_Control_EStream_BE                 .build/obj_crkbd_rev1_genichiro/lib/lufa/LUFA/Drivers/USB/Core/AVR8/EndpointStream_AVR8.o (symbol from plugin)
Endpoint_Write_Control_EStream_LE                 .build/obj_crkbd_rev1_genichiro/lib/lufa/LUFA/Drivers/USB/Core/AVR8/EndpointStream_AVR8.o (symbol from plugin)
Endpoint_Write_Control_PStream_BE                 .build/obj_crkbd_rev1_genichiro/lib/lufa/LUFA/Drivers/USB/Core/AVR8/EndpointStream_AVR8.o (symbol from plugin)
Endpoint_Write_Control_PStream_LE                 .build/obj_crkbd_rev1_genichiro/lib/lufa/LUFA/Drivers/USB/Core/AVR8/EndpointStream_AVR8.o (symbol from plugin)
                                                  .build/obj_crkbd_rev1_genichiro/lib/lufa/LUFA/Drivers/USB/Core/DeviceStandardReq.o (symbol from plugin)
Endpoint_Write_Control_Stream_BE                  .build/obj_crkbd_rev1_genichiro/lib/lufa/LUFA/Drivers/USB/Core/AVR8/EndpointStream_AVR8.o (symbol from plugin)
Endpoint_Write_Control_Stream_LE                  /tmp/ccG7jcfl.ltrans2.ltrans.o
                                                  .build/obj_crkbd_rev1_genichiro/lib/lufa/LUFA/Drivers/USB/Core/AVR8/EndpointStream_AVR8.o (symbol from plugin)
                                                  /tmp/ccG7jcfl.ltrans3.ltrans.o
                                                  .build/obj_crkbd_rev1_genichiro/lib/lufa/LUFA/Drivers/USB/Core/DeviceStandardReq.o (symbol from plugin)
                                                  .build/obj_crkbd_rev1_genichiro/lufa.o (symbol from plugin)
Endpoint_Write_EStream_BE                         .build/obj_crkbd_rev1_genichiro/lib/lufa/LUFA/Drivers/USB/Core/AVR8/EndpointStream_AVR8.o (symbol from plugin)
Endpoint_Write_EStream_LE                         .build/obj_crkbd_rev1_genichiro/lib/lufa/LUFA/Drivers/USB/Core/AVR8/EndpointStream_AVR8.o (symbol from plugin)
Endpoint_Write_PStream_BE                         .build/obj_crkbd_rev1_genichiro/lib/lufa/LUFA/Drivers/USB/Core/AVR8/EndpointStream_AVR8.o (symbol from plugin)
Endpoint_Write_PStream_LE                         .build/obj_crkbd_rev1_genichiro/lib/lufa/LUFA/Drivers/USB/Core/AVR8/EndpointStream_AVR8.o (symbol from plugin)
Endpoint_Write_Stream_BE                          .build/obj_crkbd_rev1_genichiro/lib/lufa/LUFA/Drivers/USB/Core/AVR8/EndpointStream_AVR8.o (symbol from plugin)
Endpoint_Write_Stream_LE                          .build/obj_crkbd_rev1_genichiro/lib/lufa/LUFA/Drivers/USB/Core/AVR8/EndpointStream_AVR8.o (symbol from plugin)
                                                  .build/obj_crkbd_rev1_genichiro/lufa.o (symbol from plugin)
Endpoint_Write_Stream_LE.constprop.0              /tmp/ccG7jcfl.ltrans3.ltrans.o
                                                  /tmp/ccG7jcfl.ltrans2.ltrans.o
KeyboardReport                                    .build/obj_crkbd_rev1_genichiro/usb_descriptor.o (symbol from plugin)
LanguageString                                    .build/obj_crkbd_rev1_genichiro/usb_descriptor.o (symbol from plugin)
ManufacturerString                                .build/obj_crkbd_rev1_genichiro/usb_descriptor.o (symbol from plugin)
ProductString                                     .build/obj_crkbd_rev1_genichiro/usb_descriptor.o (symbol from plugin)
RGBLED_BREATHING_INTERVALS                        .build/obj_crkbd_rev1_genichiro/quantum/rgblight.o (symbol from plugin)
RGBLED_GRADIENT_RANGES                            .build/obj_crkbd_rev1_genichiro/quantum/rgblight.o (symbol from plugin)
RGBLED_KNIGHT_INTERVALS                           .build/obj_crkbd_rev1_genichiro/quantum/rgblight.o (symbol from plugin)
RGBLED_RAINBOW_MOOD_INTERVALS                     .build/obj_crkbd_rev1_genichiro/quantum/rgblight.o (symbol from plugin)
RGBLED_RAINBOW_SWIRL_INTERVALS                    .build/obj_crkbd_rev1_genichiro/quantum/rgblight.o (symbol from plugin)
RGBLED_RGBTEST_INTERVALS                          .build/obj_crkbd_rev1_genichiro/quantum/rgblight.o (symbol from plugin)
RGBLED_SNAKE_INTERVALS                            .build/obj_crkbd_rev1_genichiro/quantum/rgblight.o (symbol from plugin)
RGBLED_TWINKLE_INTERVALS                          .build/obj_crkbd_rev1_genichiro/quantum/rgblight.o (symbol from plugin)
SharedReport                                      .build/obj_crkbd_rev1_genichiro/usb_descriptor.o (symbol from plugin)
USB_ControlRequest                                /tmp/ccG7jcfl.ltrans3.ltrans.o
                                                  .build/obj_crkbd_rev1_genichiro/lib/lufa/LUFA/Drivers/USB/Core/USBTask.o (symbol from plugin)
                                                  /tmp/ccG7jcfl.ltrans2.ltrans.o
                                                  .build/obj_crkbd_rev1_genichiro/lib/lufa/LUFA/Drivers/USB/Core/DeviceStandardReq.o (symbol from plugin)
                                                  .build/obj_crkbd_rev1_genichiro/lib/lufa/LUFA/Drivers/USB/Core/AVR8/Endpoint_AVR8.o (symbol from plugin)
                                                  .build/obj_crkbd_rev1_genichiro/lib/lufa/LUFA/Drivers/USB/Core/AVR8/EndpointStream_AVR8.o (symbol from plugin)
                                                  .build/obj_crkbd_rev1_genichiro/lufa.o (symbol from plugin)
USB_DeviceState                                   /tmp/ccG7jcfl.ltrans3.ltrans.o
                                                  .build/obj_crkbd_rev1_genichiro/lib/lufa/LUFA/Drivers/USB/Core/USBTask.o (symbol from plugin)
                                                  /tmp/ccG7jcfl.ltrans2.ltrans.o
                                                  /tmp/ccG7jcfl.ltrans0.ltrans.o
                                                  .build/obj_crkbd_rev1_genichiro/protocol/lufa/usb_util.o (symbol from plugin)
                                                  .build/obj_crkbd_rev1_genichiro/lib/lufa/LUFA/Drivers/USB/Core/DeviceStandardReq.o (symbol from plugin)
                                                  .build/obj_crkbd_rev1_genichiro/lib/lufa/LUFA/Drivers/USB/Core/AVR8/USBInterrupt_AVR8.o (symbol from plugin)
                                                  .build/obj_crkbd_rev1_genichiro/lib/lufa/LUFA/Drivers/USB/Core/AVR8/USBController_AVR8.o (symbol from plugin)
                                                  .build/obj_crkbd_rev1_genichiro/lib/lufa/LUFA/Drivers/USB/Core/AVR8/Endpoint_AVR8.o (symbol from plugin)
                                                  .build/obj_crkbd_rev1_genichiro/lib/lufa/LUFA/Drivers/USB/Core/AVR8/EndpointStream_AVR8.o (symbol from plugin)
                                                  .build/obj_crkbd_rev1_genichiro/lufa.o (symbol from plugin)
                                                  .build/obj_crkbd_rev1_genichiro/common/avr/suspend.o (symbol from plugin)
USB_Device_ConfigurationNumber                    .build/obj_crkbd_rev1_genichiro/lib/lufa/LUFA/Drivers/USB/Core/DeviceStandardReq.o (symbol from plugin)
                                                  .build/obj_crkbd_rev1_genichiro/lib/lufa/LUFA/Drivers/USB/Core/AVR8/USBInterrupt_AVR8.o (symbol from plugin)
                                                  .build/obj_crkbd_rev1_genichiro/lib/lufa/LUFA/Drivers/USB/Core/AVR8/USBController_AVR8.o (symbol from plugin)
USB_Device_CurrentlySelfPowered                   .build/obj_crkbd_rev1_genichiro/lib/lufa/LUFA/Drivers/USB/Core/DeviceStandardReq.o (symbol from plugin)
                                                  .build/obj_crkbd_rev1_genichiro/lib/lufa/LUFA/Drivers/USB/Core/AVR8/USBController_AVR8.o (symbol from plugin)
USB_Device_ProcessControlRequest                  /tmp/ccG7jcfl.ltrans3.ltrans.o
                                                  .build/obj_crkbd_rev1_genichiro/lib/lufa/LUFA/Drivers/USB/Core/DeviceStandardReq.o (symbol from plugin)
                                                  /tmp/ccG7jcfl.ltrans2.ltrans.o
                                                  .build/obj_crkbd_rev1_genichiro/lib/lufa/LUFA/Drivers/USB/Core/USBTask.o (symbol from plugin)
                                                  .build/obj_crkbd_rev1_genichiro/lib/lufa/LUFA/Drivers/USB/Core/AVR8/USBInterrupt_AVR8.o (symbol from plugin)
USB_Device_RemoteWakeupEnabled                    /tmp/ccG7jcfl.ltrans3.ltrans.o
                                                  .build/obj_crkbd_rev1_genichiro/lib/lufa/LUFA/Drivers/USB/Core/DeviceStandardReq.o (symbol from plugin)
                                                  /tmp/ccG7jcfl.ltrans2.ltrans.o
                                                  .build/obj_crkbd_rev1_genichiro/lib/lufa/LUFA/Drivers/USB/Core/AVR8/USBController_AVR8.o (symbol from plugin)
                                                  .build/obj_crkbd_rev1_genichiro/lufa.o (symbol from plugin)
USB_Device_SendRemoteWakeup                       .build/obj_crkbd_rev1_genichiro/lib/lufa/LUFA/Drivers/USB/Core/AVR8/Device_AVR8.o (symbol from plugin)
                                                  .build/obj_crkbd_rev1_genichiro/lufa.o (symbol from plugin)
USB_Disable                                       /tmp/ccG7jcfl.ltrans3.ltrans.o
                                                  .build/obj_crkbd_rev1_genichiro/lib/lufa/LUFA/Drivers/USB/Core/AVR8/USBController_AVR8.o (symbol from plugin)
                                                  /tmp/ccG7jcfl.ltrans2.ltrans.o
                                                  /tmp/ccG7jcfl.ltrans0.ltrans.o
                                                  .build/obj_crkbd_rev1_genichiro/protocol/lufa/usb_util.o (symbol from plugin)
                                                  .build/obj_crkbd_rev1_genichiro/lufa.o (symbol from plugin)
USB_Event_Stub                                    .build/obj_crkbd_rev1_genichiro/lib/lufa/LUFA/Drivers/USB/Core/Events.o (symbol from plugin)
USB_Event_Stub_2                                  .build/obj_crkbd_rev1_genichiro/lib/lufa/LUFA/Drivers/USB/Core/Events.o (symbol from plugin)
USB_Event_Stub_3                                  .build/obj_crkbd_rev1_genichiro/lib/lufa/LUFA/Drivers/USB/Core/Events.o (symbol from plugin)
USB_GetHIDReportItemInfo                          .build/obj_crkbd_rev1_genichiro/lib/lufa/LUFA/Drivers/USB/Class/Common/HIDParser.o (symbol from plugin)
USB_GetHIDReportSize                              .build/obj_crkbd_rev1_genichiro/lib/lufa/LUFA/Drivers/USB/Class/Common/HIDParser.o (symbol from plugin)
USB_GetNextDescriptorComp                         .build/obj_crkbd_rev1_genichiro/lib/lufa/LUFA/Drivers/USB/Core/ConfigDescriptors.o (symbol from plugin)
USB_GetNextDescriptorOfType                       .build/obj_crkbd_rev1_genichiro/lib/lufa/LUFA/Drivers/USB/Core/ConfigDescriptors.o (symbol from plugin)
USB_GetNextDescriptorOfTypeAfter                  .build/obj_crkbd_rev1_genichiro/lib/lufa/LUFA/Drivers/USB/Core/ConfigDescriptors.o (symbol from plugin)
USB_GetNextDescriptorOfTypeBefore                 .build/obj_crkbd_rev1_genichiro/lib/lufa/LUFA/Drivers/USB/Core/ConfigDescriptors.o (symbol from plugin)
USB_INT_ClearAllInterrupts                        .build/obj_crkbd_rev1_genichiro/lib/lufa/LUFA/Drivers/USB/Core/AVR8/USBInterrupt_AVR8.o (symbol from plugin)
                                                  .build/obj_crkbd_rev1_genichiro/lib/lufa/LUFA/Drivers/USB/Core/AVR8/USBController_AVR8.o (symbol from plugin)
USB_INT_DisableAllInterrupts                      .build/obj_crkbd_rev1_genichiro/lib/lufa/LUFA/Drivers/USB/Core/AVR8/USBInterrupt_AVR8.o (symbol from plugin)
                                                  .build/obj_crkbd_rev1_genichiro/lib/lufa/LUFA/Drivers/USB/Core/AVR8/USBController_AVR8.o (symbol from plugin)
USB_Init                                          /tmp/ccG7jcfl.ltrans3.ltrans.o
                                                  .build/obj_crkbd_rev1_genichiro/lib/lufa/LUFA/Drivers/USB/Core/AVR8/USBController_AVR8.o (symbol from plugin)
                                                  /tmp/ccG7jcfl.ltrans2.ltrans.o
                                                  .build/obj_crkbd_rev1_genichiro/lufa.o (symbol from plugin)
USB_IsInitialized                                 .build/obj_crkbd_rev1_genichiro/lib/lufa/LUFA/Drivers/USB/Core/USBTask.o (symbol from plugin)
                                                  .build/obj_crkbd_rev1_genichiro/lib/lufa/LUFA/Drivers/USB/Core/AVR8/USBController_AVR8.o (symbol from plugin)
                                                  .build/obj_crkbd_rev1_genichiro/lufa.o (symbol from plugin)
USB_ProcessHIDReport                              .build/obj_crkbd_rev1_genichiro/lib/lufa/LUFA/Drivers/USB/Class/Common/HIDParser.o (symbol from plugin)
USB_ResetInterface                                .build/obj_crkbd_rev1_genichiro/lib/lufa/LUFA/Drivers/USB/Core/AVR8/USBController_AVR8.o (symbol from plugin)
USB_SetHIDReportItemInfo                          .build/obj_crkbd_rev1_genichiro/lib/lufa/LUFA/Drivers/USB/Class/Common/HIDParser.o (symbol from plugin)
USB_USBTask                                       .build/obj_crkbd_rev1_genichiro/lib/lufa/LUFA/Drivers/USB/Core/USBTask.o (symbol from plugin)
                                                  .build/obj_crkbd_rev1_genichiro/lufa.o (symbol from plugin)
__FUSE_REGION_LENGTH__                            /usr/lib/gcc/avr/5.4.0/../../../avr/lib/avr5/crtatmega32u4.o
__bad_interrupt                                   /usr/lib/gcc/avr/5.4.0/../../../avr/lib/avr5/crtatmega32u4.o
__bss_end                                         /usr/lib/gcc/avr/5.4.0/avr5/libgcc.a(_clear_bss.o)
__bss_start                                       /usr/lib/gcc/avr/5.4.0/avr5/libgcc.a(_clear_bss.o)
__compound_literal.0.lto_priv.43                  /tmp/ccG7jcfl.ltrans6.ltrans.o
                                                  /tmp/ccG7jcfl.ltrans5.ltrans.o
                                                  /tmp/ccG7jcfl.ltrans1.ltrans.o
__data_end                                        /usr/lib/gcc/avr/5.4.0/avr5/libgcc.a(_copy_data.o)
__data_load_start                                 /usr/lib/gcc/avr/5.4.0/avr5/libgcc.a(_copy_data.o)
__data_start                                      /usr/lib/gcc/avr/5.4.0/avr5/libgcc.a(_copy_data.o)
__divmodhi4                                       /usr/lib/gcc/avr/5.4.0/avr5/libgcc.a(_divmodhi4.o)
                                                  /tmp/ccG7jcfl.ltrans4.ltrans.o
                                                  /tmp/ccG7jcfl.ltrans0.ltrans.o
__divmodqi4                                       /usr/lib/gcc/avr/5.4.0/avr5/libgcc.a(_divmodqi4.o)
                                                  /tmp/ccG7jcfl.ltrans4.ltrans.o
__divmodsi4                                       /usr/lib/gcc/avr/5.4.0/avr5/libgcc.a(_divmodsi4.o)
                                                  /usr/lib/gcc/avr/5.4.0/../../../avr/lib/avr5/libc.a(rand.o)
__do_clear_bss                                    /usr/lib/gcc/avr/5.4.0/avr5/libgcc.a(_clear_bss.o)
                                                  /tmp/ccG7jcfl.ltrans6.ltrans.o
                                                  /tmp/ccG7jcfl.ltrans5.ltrans.o
                                                  /tmp/ccG7jcfl.ltrans4.ltrans.o
                                                  /tmp/ccG7jcfl.ltrans3.ltrans.o
                                                  /tmp/ccG7jcfl.ltrans2.ltrans.o
                                                  /tmp/ccG7jcfl.ltrans1.ltrans.o
                                                  /tmp/ccG7jcfl.ltrans0.ltrans.o
                                                  .build/obj_crkbd_rev1_genichiro/serial.a(serial.o)
                                                  .build/obj_crkbd_rev1_genichiro/quantum/split_common/transport.a(transport.o)
__do_copy_data                                    /usr/lib/gcc/avr/5.4.0/avr5/libgcc.a(_copy_data.o)
                                                  /tmp/ccG7jcfl.ltrans6.ltrans.o
                                                  /tmp/ccG7jcfl.ltrans5.ltrans.o
                                                  /tmp/ccG7jcfl.ltrans4.ltrans.o
                                                  /tmp/ccG7jcfl.ltrans3.ltrans.o
                                                  /tmp/ccG7jcfl.ltrans2.ltrans.o
                                                  /tmp/ccG7jcfl.ltrans0.ltrans.o
                                                  /usr/lib/gcc/avr/5.4.0/../../../avr/lib/avr5/libc.a(rand.o)
                                                  .build/obj_crkbd_rev1_genichiro/quantum/split_common/transport.a(transport.o)
__heap_end                                        /usr/lib/gcc/avr/5.4.0/../../../avr/lib/avr5/crtatmega32u4.o
__init                                            /usr/lib/gcc/avr/5.4.0/../../../avr/lib/avr5/crtatmega32u4.o
__mulhisi3                                        /usr/lib/gcc/avr/5.4.0/avr5/libgcc.a(_mulhisi3.o)
                                                  /tmp/ccG7jcfl.ltrans4.ltrans.o
__mulohisi3                                       /usr/lib/gcc/avr/5.4.0/avr5/libgcc.a(_mulshisi3.o)
                                                  /usr/lib/gcc/avr/5.4.0/../../../avr/lib/avr5/libc.a(rand.o)
__mulshisi3                                       /usr/lib/gcc/avr/5.4.0/avr5/libgcc.a(_mulshisi3.o)
                                                  /tmp/ccG7jcfl.ltrans4.ltrans.o
__muluhisi3                                       /usr/lib/gcc/avr/5.4.0/avr5/libgcc.a(_muluhisi3.o)
                                                  /tmp/ccG7jcfl.ltrans4.ltrans.o
                                                  /usr/lib/gcc/avr/5.4.0/avr5/libgcc.a(_mulshisi3.o)
                                                  /usr/lib/gcc/avr/5.4.0/../../../avr/lib/avr5/libc.a(rand.o)
__negsi2                                          /usr/lib/gcc/avr/5.4.0/avr5/libgcc.a(_negsi2.o)
                                                  /usr/lib/gcc/avr/5.4.0/avr5/libgcc.a(_divmodsi4.o)
__stack                                           /usr/lib/gcc/avr/5.4.0/../../../avr/lib/avr5/crtatmega32u4.o
__tablejump2__                                    /usr/lib/gcc/avr/5.4.0/avr5/libgcc.a(_tablejump2.o)
                                                  /tmp/ccG7jcfl.ltrans5.ltrans.o
                                                  /tmp/ccG7jcfl.ltrans3.ltrans.o
                                                  /tmp/ccG7jcfl.ltrans1.ltrans.o
__udivmodhi4                                      /usr/lib/gcc/avr/5.4.0/avr5/libgcc.a(_udivmodhi4.o)
                                                  /usr/lib/gcc/avr/5.4.0/avr5/libgcc.a(_divmodhi4.o)
                                                  /tmp/ccG7jcfl.ltrans4.ltrans.o
                                                  /tmp/ccG7jcfl.ltrans0.ltrans.o
__udivmodqi4                                      /usr/lib/gcc/avr/5.4.0/avr5/libgcc.a(_udivmodqi4.o)
                                                  /usr/lib/gcc/avr/5.4.0/avr5/libgcc.a(_divmodqi4.o)
                                                  /tmp/ccG7jcfl.ltrans2.ltrans.o
__udivmodsi4                                      /usr/lib/gcc/avr/5.4.0/avr5/libgcc.a(_udivmodsi4.o)
                                                  /tmp/ccG7jcfl.ltrans4.ltrans.o
                                                  /usr/lib/gcc/avr/5.4.0/avr5/libgcc.a(_divmodsi4.o)
__umulhisi3                                       /usr/lib/gcc/avr/5.4.0/avr5/libgcc.a(_umulhisi3.o)
                                                  /usr/lib/gcc/avr/5.4.0/avr5/libgcc.a(_usmulhisi3.o)
                                                  /usr/lib/gcc/avr/5.4.0/avr5/libgcc.a(_mulhisi3.o)
                                                  /tmp/ccG7jcfl.ltrans4.ltrans.o
                                                  /usr/lib/gcc/avr/5.4.0/avr5/libgcc.a(_muluhisi3.o)
__usmulhisi3                                      /usr/lib/gcc/avr/5.4.0/avr5/libgcc.a(_usmulhisi3.o)
__usmulhisi3_tail                                 /usr/lib/gcc/avr/5.4.0/avr5/libgcc.a(_usmulhisi3.o)
                                                  /usr/lib/gcc/avr/5.4.0/avr5/libgcc.a(_mulhisi3.o)
__vector_1                                        /usr/lib/gcc/avr/5.4.0/../../../avr/lib/avr5/crtatmega32u4.o
__vector_10                                       /tmp/ccG7jcfl.ltrans3.ltrans.o
                                                  .build/obj_crkbd_rev1_genichiro/lib/lufa/LUFA/Drivers/USB/Core/AVR8/USBInterrupt_AVR8.o (symbol from plugin)
                                                  /usr/lib/gcc/avr/5.4.0/../../../avr/lib/avr5/crtatmega32u4.o
__vector_11                                       /tmp/ccG7jcfl.ltrans3.ltrans.o
                                                  .build/obj_crkbd_rev1_genichiro/lib/lufa/LUFA/Drivers/USB/Core/AVR8/USBInterrupt_AVR8.o (symbol from plugin)
                                                  /usr/lib/gcc/avr/5.4.0/../../../avr/lib/avr5/crtatmega32u4.o
__vector_12                                       /tmp/ccG7jcfl.ltrans6.ltrans.o
                                                  .build/obj_crkbd_rev1_genichiro/common/avr/suspend.o (symbol from plugin)
                                                  /usr/lib/gcc/avr/5.4.0/../../../avr/lib/avr5/crtatmega32u4.o
__vector_13                                       /usr/lib/gcc/avr/5.4.0/../../../avr/lib/avr5/crtatmega32u4.o
__vector_14                                       /usr/lib/gcc/avr/5.4.0/../../../avr/lib/avr5/crtatmega32u4.o
__vector_15                                       /usr/lib/gcc/avr/5.4.0/../../../avr/lib/avr5/crtatmega32u4.o
__vector_16                                       /usr/lib/gcc/avr/5.4.0/../../../avr/lib/avr5/crtatmega32u4.o
__vector_17                                       /usr/lib/gcc/avr/5.4.0/../../../avr/lib/avr5/crtatmega32u4.o
__vector_18                                       /usr/lib/gcc/avr/5.4.0/../../../avr/lib/avr5/crtatmega32u4.o
__vector_19                                       /usr/lib/gcc/avr/5.4.0/../../../avr/lib/avr5/crtatmega32u4.o
__vector_2                                        /usr/lib/gcc/avr/5.4.0/../../../avr/lib/avr5/crtatmega32u4.o
__vector_20                                       /usr/lib/gcc/avr/5.4.0/../../../avr/lib/avr5/crtatmega32u4.o
__vector_21                                       /tmp/ccG7jcfl.ltrans6.ltrans.o
                                                  .build/obj_crkbd_rev1_genichiro/common/avr/timer.o (symbol from plugin)
                                                  /usr/lib/gcc/avr/5.4.0/../../../avr/lib/avr5/crtatmega32u4.o
__vector_22                                       /usr/lib/gcc/avr/5.4.0/../../../avr/lib/avr5/crtatmega32u4.o
__vector_23                                       /usr/lib/gcc/avr/5.4.0/../../../avr/lib/avr5/crtatmega32u4.o
__vector_24                                       /usr/lib/gcc/avr/5.4.0/../../../avr/lib/avr5/crtatmega32u4.o